Archive member included to satisfy reference by file (symbol)

c:/intelfpga_lite/16.1/nios2eds/bin/gnu/h-x86_64-mingw32/bin/../lib/gcc/nios2-elf/5.3.0\libgcc.a(_fixunssfsi.o)
                              obj/default/hello_world.o (__fixunssfsi)
c:/intelfpga_lite/16.1/nios2eds/bin/gnu/h-x86_64-mingw32/bin/../lib/gcc/nios2-elf/5.3.0\libgcc.a(gesf2.o)
                              c:/intelfpga_lite/16.1/nios2eds/bin/gnu/h-x86_64-mingw32/bin/../lib/gcc/nios2-elf/5.3.0\libgcc.a(_fixunssfsi.o) (__gesf2)
c:/intelfpga_lite/16.1/nios2eds/bin/gnu/h-x86_64-mingw32/bin/../lib/gcc/nios2-elf/5.3.0\libgcc.a(mulsf3.o)
                              obj/default/hello_world.o (__mulsf3)
c:/intelfpga_lite/16.1/nios2eds/bin/gnu/h-x86_64-mingw32/bin/../lib/gcc/nios2-elf/5.3.0\libgcc.a(subsf3.o)
                              c:/intelfpga_lite/16.1/nios2eds/bin/gnu/h-x86_64-mingw32/bin/../lib/gcc/nios2-elf/5.3.0\libgcc.a(_fixunssfsi.o) (__subsf3)
c:/intelfpga_lite/16.1/nios2eds/bin/gnu/h-x86_64-mingw32/bin/../lib/gcc/nios2-elf/5.3.0\libgcc.a(fixsfsi.o)
                              c:/intelfpga_lite/16.1/nios2eds/bin/gnu/h-x86_64-mingw32/bin/../lib/gcc/nios2-elf/5.3.0\libgcc.a(_fixunssfsi.o) (__fixsfsi)
c:/intelfpga_lite/16.1/nios2eds/bin/gnu/h-x86_64-mingw32/bin/../lib/gcc/nios2-elf/5.3.0\libgcc.a(floatsisf.o)
                              obj/default/hello_world.o (__floatsisf)
c:/intelfpga_lite/16.1/nios2eds/bin/gnu/h-x86_64-mingw32/bin/../lib/gcc/nios2-elf/5.3.0\libgcc.a(_clzsi2.o)
                              c:/intelfpga_lite/16.1/nios2eds/bin/gnu/h-x86_64-mingw32/bin/../lib/gcc/nios2-elf/5.3.0\libgcc.a(mulsf3.o) (__clzsi2)
c:/intelfpga_lite/16.1/nios2eds/bin/gnu/h-x86_64-mingw32/bin/../lib/gcc/nios2-elf/5.3.0\libgcc.a(_clz.o)
                              c:/intelfpga_lite/16.1/nios2eds/bin/gnu/h-x86_64-mingw32/bin/../lib/gcc/nios2-elf/5.3.0\libgcc.a(_clzsi2.o) (__clz_tab)
c:/intelfpga_lite/16.1/nios2eds/bin/gnu/h-x86_64-mingw32/bin/../lib/gcc/nios2-elf/5.3.0/../../../../../H-x86_64-mingw32/nios2-elf/lib\libc.a(lib_a-strlen.o)
                              obj/default/hello_world.o (strlen)
../Final_bsp/\libhal_bsp.a(alt_iic.o)
                              obj/default/hello_world.o (alt_ic_isr_register)
../Final_bsp/\libhal_bsp.a(alt_iic_isr_register.o)
                              ../Final_bsp/\libhal_bsp.a(alt_iic.o) (alt_iic_isr_register)
../Final_bsp/\libhal_bsp.a(alt_irq_entry.o)
                              ../Final_bsp/\libhal_bsp.a(alt_iic_isr_register.o) (alt_irq_entry)
../Final_bsp/\libhal_bsp.a(alt_irq_handler.o)
                              ../Final_bsp/\libhal_bsp.a(alt_iic_isr_register.o) (alt_irq)
../Final_bsp/\libhal_bsp.a(alt_irq_vars.o)
                              ../Final_bsp/\libhal_bsp.a(alt_iic.o) (alt_irq_active)
../Final_bsp/\libhal_bsp.a(alt_load.o)
                              ../Final_bsp//obj/HAL/src/crt0.o (alt_load)
../Final_bsp/\libhal_bsp.a(alt_main.o)
                              ../Final_bsp//obj/HAL/src/crt0.o (alt_main)
../Final_bsp/\libhal_bsp.a(alt_usleep.o)
                              obj/default/hello_world.o (usleep)
../Final_bsp/\libhal_bsp.a(alt_sys_init.o)
                              ../Final_bsp/\libhal_bsp.a(alt_main.o) (alt_irq_init)
../Final_bsp/\libhal_bsp.a(altera_avalon_jtag_uart_fd.o)
                              ../Final_bsp/\libhal_bsp.a(alt_sys_init.o) (altera_avalon_jtag_uart_read_fd)
../Final_bsp/\libhal_bsp.a(altera_avalon_jtag_uart_init.o)
                              ../Final_bsp/\libhal_bsp.a(alt_sys_init.o) (altera_avalon_jtag_uart_init)
../Final_bsp/\libhal_bsp.a(altera_avalon_jtag_uart_ioctl.o)
                              ../Final_bsp/\libhal_bsp.a(altera_avalon_jtag_uart_fd.o) (altera_avalon_jtag_uart_ioctl)
../Final_bsp/\libhal_bsp.a(altera_avalon_jtag_uart_read.o)
                              ../Final_bsp/\libhal_bsp.a(altera_avalon_jtag_uart_fd.o) (altera_avalon_jtag_uart_read)
../Final_bsp/\libhal_bsp.a(altera_avalon_jtag_uart_write.o)
                              ../Final_bsp/\libhal_bsp.a(altera_avalon_jtag_uart_fd.o) (altera_avalon_jtag_uart_write)
../Final_bsp/\libhal_bsp.a(altera_avalon_timer_sc.o)
                              ../Final_bsp/\libhal_bsp.a(alt_sys_init.o) (alt_avalon_timer_sc_init)
../Final_bsp/\libhal_bsp.a(altera_up_avalon_character_lcd.o)
                              ../Final_bsp/\libhal_bsp.a(alt_sys_init.o) (alt_up_character_lcd_init)
../Final_bsp/\libhal_bsp.a(alt_alarm_start.o)
                              ../Final_bsp/\libhal_bsp.a(altera_avalon_jtag_uart_init.o) (alt_alarm_start)
../Final_bsp/\libhal_bsp.a(alt_busy_sleep.o)
                              ../Final_bsp/\libhal_bsp.a(alt_usleep.o) (alt_busy_sleep)
../Final_bsp/\libhal_bsp.a(alt_close.o)
                              ../Final_bsp/\libhal_bsp.a(alt_main.o) (close)
../Final_bsp/\libhal_bsp.a(alt_dcache_flush_all.o)
[...]
Memory Configuration

Name             Origin             Length             Attributes
onchip_memory2_0 0x0000000000200000 0x0000000000001000
reset            0x0000000008000000 0x0000000000000020
sdram            0x0000000008000020 0x0000000007ffffe0
*default*        0x0000000000000000 0xffffffffffffffff

Linker script and memory map

LOAD ../Final_bsp//obj/HAL/src/crt0.o
LOAD obj/default/hello_world.o
LOAD c:/intelfpga_lite/16.1/nios2eds/bin/gnu/h-x86_64-mingw32/bin/../lib/gcc/nios2-elf/5.3.0/../../../../../H-x86_64-mingw32/nios2-elf/lib\libstdc++.a
LOAD c:/intelfpga_lite/16.1/nios2eds/bin/gnu/h-x86_64-mingw32/bin/../lib/gcc/nios2-elf/5.3.0/../../../../../H-x86_64-mingw32/nios2-elf/lib\libm.a
LOAD c:/intelfpga_lite/16.1/nios2eds/bin/gnu/h-x86_64-mingw32/bin/../lib/gcc/nios2-elf/5.3.0\libgcc.a
START GROUP
LOAD c:/intelfpga_lite/16.1/nios2eds/bin/gnu/h-x86_64-mingw32/bin/../lib/gcc/nios2-elf/5.3.0/../../../../../H-x86_64-mingw32/nios2-elf/lib\libc.a
LOAD c:/intelfpga_lite/16.1/nios2eds/bin/gnu/h-x86_64-mingw32/bin/../lib/gcc/nios2-elf/5.3.0\libgcc.a
LOAD ../Final_bsp/\libhal_bsp.a
LOAD c:/intelfpga_lite/16.1/nios2eds/bin/gnu/h-x86_64-mingw32/bin/../lib/gcc/nios2-elf/5.3.0/../../../../../H-x86_64-mingw32/nios2-elf/lib\libm.a
END GROUP
LOAD c:/intelfpga_lite/16.1/nios2eds/bin/gnu/h-x86_64-mingw32/bin/../lib/gcc/nios2-elf/5.3.0\libgcc.a
                0x0000000000200000                __alt_mem_onchip_memory2_0 = 0x200000
                0x0000000008000000                __alt_mem_sdram = 0x8000000

.entry          0x0000000008000000       0x20
 *(.entry)
 .entry         0x0000000008000000       0x20 ../Final_bsp//obj/HAL/src/crt0.o
                0x0000000008000000                __reset

.exceptions     0x0000000008000020      0x224
                0x0000000008000020                PROVIDE (__ram_exceptions_start, ABSOLUTE (.))
                0x0000000008000020                . = ALIGN (0x20)
 *(.irq)
 *(.exceptions.entry.label)
 .exceptions.entry.label
                0x0000000008000020        0x0 ../Final_bsp/\libhal_bsp.a(alt_irq_entry.o)
                0x0000000008000020                alt_irq_entry
 .exceptions.entry.label
                0x0000000008000020        0x0 ../Final_bsp/\libhal_bsp.a(alt_exception_entry.o)
                0x0000000008000020                alt_exception
 *(.exceptions.entry.user)
 *(.exceptions.entry.ecc_fatal)
 *(.exceptions.entry)
 .exceptions.entry
                0x0000000008000020       0x54 ../Final_bsp/\libhal_bsp.a(alt_exception_entry.o)
 *(.exceptions.irqtest.user)
 *(.exceptions.irqtest)
 .exceptions.irqtest
                0x0000000008000074       0x10 ../Final_bsp/\libhal_bsp.a(alt_irq_entry.o)
 *(.exceptions.irqhandler.user)
 *(.exceptions.irqhandler)
 .exceptions.irqhandler
                0x0000000008000084        0x4 ../Final_bsp/\libhal_bsp.a(alt_irq_entry.o)
 *(.exceptions.irqreturn.user)
 *(.exceptions.irqreturn)
 .exceptions.irqreturn
                0x0000000008000088        0x4 ../Final_bsp/\libhal_bsp.a(alt_irq_entry.o)
 *(.exceptions.notirq.label)
 .exceptions.notirq.label
                0x000000000800008c        0x0 ../Final_bsp/\libhal_bsp.a(alt_irq_entry.o)
 *(.exceptions.notirq.user)
 *(.exceptions.notirq)
 .exceptions.notirq
                0x000000000800008c        0x8 ../Final_bsp/\libhal_bsp.a(alt_exception_entry.o)
 *(.exceptions.soft.user)
 *(.exceptions.soft)
 *(.exceptions.unknown.user)
 *(.exceptions.unknown)
 .exceptions.unknown
                0x0000000008000094       0x14 ../Final_bsp/\libhal_bsp.a(alt_exception_entry.o)
 *(.exceptions.exit.label)
 .exceptions.exit.label
                0x00000000080000a8        0x0 ../Final_bsp/\libhal_bsp.a(alt_irq_entry.o)
 .exceptions.exit.label
                0x00000000080000a8        0x0 ../Final_bsp/\libhal_bsp.a(alt_exception_entry.o)
 *(.exceptions.exit.user)
 *(.exceptions.exit)
 .exceptions.exit
                0x00000000080000a8       0x54 ../Final_bsp/\libhal_bsp.a(alt_exception_entry.o)
 *(.exceptions)
 .exceptions    0x00000000080000fc       0xd4 ../Final_bsp/\libhal_bsp.a(alt_irq_handler.o)
                0x00000000080000fc                alt_irq_handler
 .exceptions    0x00000000080001d0       0x74 ../Final_bsp/\libhal_bsp.a(alt_instruction_exception_entry.o)
                0x00000000080001d0                alt_instruction_exception_entry
                0x0000000008000244                PROVIDE (__ram_exceptions_end, ABSOLUTE (.))
                0x0000000008000020                PROVIDE (__flash_exceptions_start, LOADADDR (.exceptions))

.text           0x0000000008000244     0x4064
                [!provide]                        PROVIDE (stext, ABSOLUTE (.))
 *(.interp)
 *(.hash)
 *(.dynsym)
 *(.dynstr)
 *(.gnu.version)
 *(.gnu.version_d)
 *(.gnu.version_r)
 *(.rel.init)
 *(.rela.init)
 *(.rel.text .rel.text.* .rel.gnu.linkonce.t.*)
 *(.rela.text .rela.text.* .rela.gnu.linkonce.t.*)
 *(.rel.fini)
 *(.rela.fini)
 *(.rel.rodata .rel.rodata.* .rel.gnu.linkonce.r.*)
 *(.rela.rodata .rela.rodata.* .rela.gnu.linkonce.r.*)
 *(.rel.data .rel.data.* .rel.gnu.linkonce.d.*)
 *(.rela.data .rela.data.* .rela.gnu.linkonce.d.*)
 *(.rel.tdata .rel.tdata.* .rel.gnu.linkonce.td.*)
 *(.rela.tdata .rela.tdata.* .rela.gnu.linkonce.td.*)
 *(.rel.tbss .rel.tbss.* .rel.gnu.linkonce.tb.*)
 *(.rela.tbss .rela.tbss.* .rela.gnu.linkonce.tb.*)
 *(.rel.ctors)
 *(.rela.ctors)
 *(.rel.dtors)
 *(.rela.dtors)
 *(.rel.got)
 *(.rela.got)
 *(.rel.sdata .rel.sdata.* .rel.gnu.linkonce.s.*)
 *(.rela.sdata .rela.sdata.* .rela.gnu.linkonce.s.*)
 *(.rel.sbss .rel.sbss.* .rel.gnu.linkonce.sb.*)
 *(.rela.sbss .rela.sbss.* .rela.gnu.linkonce.sb.*)
 *(.rel.sdata2 .rel.sdata2.* .rel.gnu.linkonce.s2.*)
 *(.rela.sdata2 .rela.sdata2.* .rela.gnu.linkonce.s2.*)
 *(.rel.sbss2 .rel.sbss2.* .rel.gnu.linkonce.sb2.*)
 *(.rela.sbss2 .rela.sbss2.* .rela.gnu.linkonce.sb2.*)
 *(.rel.bss .rel.bss.* .rel.gnu.linkonce.b.*)
 *(.rela.bss .rela.bss.* .rela.gnu.linkonce.b.*)
 *(.rel.plt)
 *(.rela.plt)
 *(.rel.dyn)
 *(.init)
 *(.plt)
 *(.text .stub .text.* .gnu.linkonce.t.*)
 .text          0x0000000008000244       0x4c ../Final_bsp//obj/HAL/src/crt0.o
                0x0000000008000244                _start
 .text          0x0000000008000290      0x88c obj/default/hello_world.o
                0x0000000008000290                shootBullet
                0x0000000008000308                moveBullet
                0x00000000080003b0                movePlayer
                0x000000000800048c                main
                0x0000000008000630                key_isr
                0x0000000008000678                key_isr1
                0x00000000080006c4                key_isr2
                0x0000000008000710                timer_isr
                0x00000000080008e4                handle_key_interrupts
                0x0000000008000968                display_init
                0x0000000008000a0c                printword
 .text          0x0000000008000b1c       0x60 c:/intelfpga_lite/16.1/nios2eds/bin/gnu/h-x86_64-mingw32/bin/../lib/gcc/nios2-elf/5.3.0\libgcc.a(_fixunssfsi.o)
                0x0000000008000b1c                __fixunssfsi
 .text          0x0000000008000b7c       0xbc c:/intelfpga_lite/16.1/nios2eds/bin/gnu/h-x86_64-mingw32/bin/../lib/gcc/nios2-elf/5.3.0\libgcc.a(gesf2.o)
                0x0000000008000b7c                __gesf2
                0x0000000008000b7c                __gtsf2
 .text          0x0000000008000c38      0x3fc c:/intelfpga_lite/16.1/nios2eds/bin/gnu/h-x86_64-mingw32/bin/../lib/gcc/nios2-elf/5.3.0\libgcc.a(mulsf3.o)
                0x0000000008000c38                __mulsf3
 .text          0x0000000008001034      0x4e4 c:/intelfpga_lite/16.1/nios2eds/bin/gnu/h-x86_64-mingw32/bin/../lib/gcc/nios2-elf/5.3.0\libgcc.a(subsf3.o)
                0x0000000008001034                __subsf3
 .text          0x0000000008001518       0x70 c:/intelfpga_lite/16.1/nios2eds/bin/gnu/h-x86_64-mingw32/bin/../lib/gcc/nios2-elf/5.3.0\libgcc.a(fixsfsi.o)
                0x0000000008001518                __fixsfsi
 .text          0x0000000008001588      0x124 c:/intelfpga_lite/16.1/nios2eds/bin/gnu/h-x86_64-mingw32/bin/../lib/gcc/nios2-elf/5.3.0\libgcc.a(floatsisf.o)
                0x0000000008001588                __floatsisf
 .text          0x00000000080016ac       0x64 c:/intelfpga_lite/16.1/nios2eds/bin/gnu/h-x86_64-mingw32/bin/../lib/gcc/nios2-elf/5.3.0\libgcc.a(_clzsi2.o)
                0x00000000080016ac                __clzsi2
 .text          0x0000000008001710        0x0 c:/intelfpga_lite/16.1/nios2eds/bin/gnu/h-x86_64-mingw32/bin/../lib/gcc/nios2-elf/5.3.0\libgcc.a(_clz.o)
 .text          0x0000000008001710        0x0 c:/intelfpga_lite/16.1/nios2eds/bin/gnu/h-x86_64-mingw32/bin/../lib/gcc/nios2-elf/5.3.0/../../../../../H-x86_64-mingw32/nios2-elf/lib\libc.a(lib_a-strlen.o)
 .text.strlen   0x0000000008001710       0x98 c:/intelfpga_lite/16.1/nios2eds/bin/gnu/h-x86_64-mingw32/bin/../lib/gcc/nios2-elf/5.3.0/../../../../../H-x86_64-mingw32/nios2-elf/lib\libc.a(lib_a-strlen.o)
                0x0000000008001710                strlen
 .text          0x00000000080017a8      0x1b0 ../Final_bsp/\libhal_bsp.a(alt_iic.o)
                0x00000000080017a8                alt_ic_isr_register
                0x00000000080017f8                alt_ic_irq_enable
                0x0000000008001880                alt_ic_irq_disable
                0x000000000800190c                alt_ic_irq_enabled
 .text          0x0000000008001958       0xf0 ../Final_bsp/\libhal_bsp.a(alt_iic_isr_register.o)
                0x0000000008001958                alt_iic_isr_register
 .text          0x0000000008001a48        0x0 ../Final_bsp/\libhal_bsp.a(alt_irq_entry.o)
 .text          0x0000000008001a48        0x0 ../Final_bsp/\libhal_bsp.a(alt_irq_handler.o)
 .text          0x0000000008001a48        0x0 ../Final_bsp/\libhal_bsp.a(alt_irq_vars.o)
 .text          0x0000000008001a48       0xec ../Final_bsp/\libhal_bsp.a(alt_load.o)
                0x0000000008001ab0                alt_load
 .text          0x0000000008001b34       0x7c ../Final_bsp/\libhal_bsp.a(alt_main.o)
                0x0000000008001b34                alt_main
 .text          0x0000000008001bb0       0x30 ../Final_bsp/\libhal_bsp.a(alt_usleep.o)
                0x0000000008001bb0                usleep
 .text          0x0000000008001be0       0xe8 ../Final_bsp/\libhal_bsp.a(alt_sys_init.o)
                0x0000000008001c14                alt_irq_init
                0x0000000008001c4c                alt_sys_init
 .text          0x0000000008001cc8      0x164 ../Final_bsp/\libhal_bsp.a(altera_avalon_jtag_uart_fd.o)
                0x0000000008001cc8                altera_avalon_jtag_uart_read_fd
                0x0000000008001d28                altera_avalon_jtag_uart_write_fd
                0x0000000008001d88                altera_avalon_jtag_uart_close_fd
                0x0000000008001dd8                altera_avalon_jtag_uart_ioctl_fd
 .text          0x0000000008001e2c      0x3d4 ../Final_bsp/\libhal_bsp.a(altera_avalon_jtag_uart_init.o)
                0x0000000008001e2c                altera_avalon_jtag_uart_init
                0x0000000008002198                altera_avalon_jtag_uart_close
 .text          0x0000000008002200       0xf0 ../Final_bsp/\libhal_bsp.a(altera_avalon_jtag_uart_ioctl.o)
                0x0000000008002200                altera_avalon_jtag_uart_ioctl
 .text          0x00000000080022f0      0x21c ../Final_bsp/\libhal_bsp.a(altera_avalon_jtag_uart_read.o)
                0x00000000080022f0                altera_avalon_jtag_uart_read
 .text          0x000000000800250c      0x224 ../Final_bsp/\libhal_bsp.a(altera_avalon_jtag_uart_write.o)
                0x000000000800250c                altera_avalon_jtag_uart_write
 .text          0x0000000008002730       0xf4 ../Final_bsp/\libhal_bsp.a(altera_avalon_timer_sc.o)
                0x00000000080027a8                alt_avalon_timer_sc_init
 .text          0x0000000008002824      0x4f4 ../Final_bsp/\libhal_bsp.a(altera_up_avalon_character_lcd.o)
                0x0000000008002824                get_DDRAM_addr
                0x0000000008002898                alt_up_character_lcd_send_cmd
                0x00000000080028d8                alt_up_character_lcd_init
                0x0000000008002910                alt_up_character_lcd_open_dev
                0x000000000800294c                alt_up_character_lcd_write
                0x00000000080029c8                alt_up_character_lcd_string
                0x0000000008002a40                alt_up_character_lcd_write_fd
                0x0000000008002a90                alt_up_character_lcd_set_cursor_pos
                0x0000000008002b04                alt_up_character_lcd_shift_cursor
                0x0000000008002b90                alt_up_character_lcd_shift_display
                0x0000000008002c1c                alt_up_character_lcd_erase_pos
                0x0000000008002ca8                alt_up_character_lcd_cursor_off
                0x0000000008002ce0                alt_up_character_lcd_cursor_blink_on
 .text          0x0000000008002d18      0x12c ../Final_bsp/\libhal_bsp.a(alt_alarm_start.o)
                0x0000000008002d18                alt_alarm_start
 .text          0x0000000008002e44      0x158 ../Final_bsp/\libhal_bsp.a(alt_busy_sleep.o)
                0x0000000008002e44                alt_busy_sleep
 .text          0x0000000008002f9c      0x10c ../Final_bsp/\libhal_bsp.a(alt_close.o)
                0x0000000008002fd8                close
 .text          0x00000000080030a8       0x48 ../Final_bsp/\libhal_bsp.a(alt_dcache_flush_all.o)
                0x00000000080030a8                alt_dcache_flush_all
 .text          0x00000000080030f0       0x2c ../Final_bsp/\libhal_bsp.a(alt_dev.o)
 .text          0x000000000800311c       0xe0 ../Final_bsp/\libhal_bsp.a(alt_dev_llist_insert.o)
                0x0000000008003158                alt_dev_llist_insert
 .text          0x00000000080031fc       0x60 ../Final_bsp/\libhal_bsp.a(alt_do_ctors.o)
                0x00000000080031fc                _do_ctors
 .text          0x000000000800325c       0x60 ../Final_bsp/\libhal_bsp.a(alt_do_dtors.o)
                0x000000000800325c                _do_dtors
 .text          0x00000000080032bc        0x0 ../Final_bsp/\libhal_bsp.a(alt_errno.o)
 .text          0x00000000080032bc        0x0 ../Final_bsp/\libhal_bsp.a(alt_exception_entry.o)
 .text          0x00000000080032bc       0x90 ../Final_bsp/\libhal_bsp.a(alt_find_dev.o)
                0x00000000080032bc                alt_find_dev
 .text          0x000000000800334c       0x34 ../Final_bsp/\libhal_bsp.a(alt_icache_flush_all.o)
                0x000000000800334c                alt_icache_flush_all
 .text          0x0000000008003380       0x9c ../Final_bsp/\libhal_bsp.a(alt_instruction_exception_entry.o)
                0x0000000008003380                alt_exception_cause_generated_bad_addr
 .text          0x000000000800341c      0x140 ../Final_bsp/\libhal_bsp.a(alt_io_redirect.o)
                0x00000000080034e0                alt_io_redirect
 .text          0x000000000800355c      0x254 ../Final_bsp/\libhal_bsp.a(alt_open.o)
                0x000000000800365c                open
 .text          0x00000000080037b0       0x64 ../Final_bsp/\libhal_bsp.a(alt_release_fd.o)
                0x00000000080037b0                alt_release_fd
 .text          0x0000000008003814      0x1a4 ../Final_bsp/\libhal_bsp.a(alt_tick.o)
                0x0000000008003814                alt_alarm_stop
                0x00000000080038b0                alt_tick
 .text          0x00000000080039b8       0x24 ../Final_bsp/\libhal_bsp.a(altera_nios2_gen2_irq.o)
                0x00000000080039b8                altera_nios2_gen2_irq_init
 .text          0x00000000080039dc      0x108 ../Final_bsp/\libhal_bsp.a(alt_find_file.o)
                0x00000000080039dc                alt_find_file
 .text          0x0000000008003ae4       0xa4 ../Final_bsp/\libhal_bsp.a(alt_get_fd.o)
                0x0000000008003ae4                alt_get_fd
 .text          0x0000000008003b88       0x90 ../Final_bsp/\libhal_bsp.a(alt_icache_flush.o)
                0x0000000008003b88                alt_icache_flush
 .text          0x0000000008003c18        0x0 c:/intelfpga_lite/16.1/nios2eds/bin/gnu/h-x86_64-mingw32/bin/../lib/gcc/nios2-elf/5.3.0/../../../../../H-x86_64-mingw32/nios2-elf/lib\libc.a(lib_a-atexit.o)
 .text.atexit   0x0000000008003c18       0x14 c:/intelfpga_lite/16.1/nios2eds/bin/gnu/h-x86_64-mingw32/bin/../lib/gcc/nios2-elf/5.3.0/../../../../../H-x86_64-mingw32/nios2-elf/lib\libc.a(lib_a-atexit.o)
                0x0000000008003c18                atexit
 .text          0x0000000008003c2c        0x0 c:/intelfpga_lite/16.1/nios2eds/bin/gnu/h-x86_64-mingw32/bin/../lib/gcc/nios2-elf/5.3.0/../../../../../H-x86_64-mingw32/nios2-elf/lib\libc.a(lib_a-exit.o)
 .text.exit     0x0000000008003c2c       0x38 c:/intelfpga_lite/16.1/nios2eds/bin/gnu/h-x86_64-mingw32/bin/../lib/gcc/nios2-elf/5.3.0/../../../../../H-x86_64-mingw32/nios2-elf/lib\libc.a(lib_a-exit.o)
                0x0000000008003c2c                exit
 .text          0x0000000008003c64        0x0 c:/intelfpga_lite/16.1/nios2eds/bin/gnu/h-x86_64-mingw32/bin/../lib/gcc/nios2-elf/5.3.0/../../../../../H-x86_64-mingw32/nios2-elf/lib\libc.a(lib_a-impure.o)
 .text          0x0000000008003c64        0x0 c:/intelfpga_lite/16.1/nios2eds/bin/gnu/h-x86_64-mingw32/bin/../lib/gcc/nios2-elf/5.3.0/../../../../../H-x86_64-mingw32/nios2-elf/lib\libc.a(lib_a-int_errno.o)
 .text          0x0000000008003c64        0x0 c:/intelfpga_lite/16.1/nios2eds/bin/gnu/h-x86_64-mingw32/bin/../lib/gcc/nios2-elf/5.3.0/../../../../../H-x86_64-mingw32/nios2-elf/lib\libc.a(lib_a-memcmp.o)
 .text.memcmp   0x0000000008003c64       0x7c c:/intelfpga_lite/16.1/nios2eds/bin/gnu/h-x86_64-mingw32/bin/../lib/gcc/nios2-elf/5.3.0/../../../../../H-x86_64-mingw32/nios2-elf/lib\libc.a(lib_a-memcmp.o)
                0x0000000008003c64                memcmp
 .text          0x0000000008003ce0        0x0 c:/intelfpga_lite/16.1/nios2eds/bin/gnu/h-x86_64-mingw32/bin/../lib/gcc/nios2-elf/5.3.0/../../../../../H-x86_64-mingw32/nios2-elf/lib\libc.a(lib_a-memcpy.o)
 .text.memcpy   0x0000000008003ce0      0x148 c:/intelfpga_lite/16.1/nios2eds/bin/gnu/h-x86_64-mingw32/bin/../lib/gcc/nios2-elf/5.3.0/../../../../../H-x86_64-mingw32/nios2-elf/lib\libc.a(lib_a-memcpy.o)
                0x0000000008003ce0                memcpy
 .text          0x0000000008003e28        0x0 c:/intelfpga_lite/16.1/nios2eds/bin/gnu/h-x86_64-mingw32/bin/../lib/gcc/nios2-elf/5.3.0/../../../../../H-x86_64-mingw32/nios2-elf/lib\libc.a(lib_a-__atexit.o)
 .text.__register_exitproc
                0x0000000008003e28      0x118 c:/intelfpga_lite/16.1/nios2eds/bin/gnu/h-x86_64-mingw32/bin/../lib/gcc/nios2-elf/5.3.0/../../../../../H-x86_64-mingw32/nios2-elf/lib\libc.a(lib_a-__atexit.o)
                0x0000000008003e28                __register_exitproc
 .text          0x0000000008003f40        0x0 c:/intelfpga_lite/16.1/nios2eds/bin/gnu/h-x86_64-mingw32/bin/../lib/gcc/nios2-elf/5.3.0/../../../../../H-x86_64-mingw32/nios2-elf/lib\libc.a(lib_a-__call_atexit.o)
 .text.__call_exitprocs
                0x0000000008003f40      0x180 c:/intelfpga_lite/16.1/nios2eds/bin/gnu/h-x86_64-mingw32/bin/../lib/gcc/nios2-elf/5.3.0/../../../../../H-x86_64-mingw32/nios2-elf/lib\libc.a(lib_a-__call_atexit.o)
                0x0000000008003f40                __call_exitprocs
 .text          0x00000000080040c0      0x1b4 c:/intelfpga_lite/16.1/nios2eds/bin/gnu/h-x86_64-mingw32/bin/../lib/gcc/nios2-elf/5.3.0\libgcc.a(lib2-divmod.o)
                0x00000000080040c0                __divsi3
                0x0000000008004144                __modsi3
                0x00000000080041b8                __udivsi3
                0x000000000800421c                __umodsi3
 .text          0x0000000008004274       0x34 ../Final_bsp/\libhal_bsp.a(alt_exit.o)
                0x0000000008004274                _exit
 *(.gnu.warning.*)
 *(.fini)
                [!provide]                        PROVIDE (__etext, ABSOLUTE (.))
                [!provide]                        PROVIDE (_etext, ABSOLUTE (.))
                [!provide]                        PROVIDE (etext, ABSOLUTE (.))
 *(.eh_frame_hdr)
                0x00000000080042a8                . = ALIGN (0x4)
                [!provide]                        PROVIDE (__preinit_array_start, ABSOLUTE (.))
 *(.preinit_array)
                [!provide]                        PROVIDE (__preinit_array_end, ABSOLUTE (.))
                [!provide]                        PROVIDE (__init_array_start, ABSOLUTE (.))
 *(.init_array)
                [!provide]                        PROVIDE (__init_array_end, ABSOLUTE (.))
                [!provide]                        PROVIDE (__fini_array_start, ABSOLUTE (.))
 *(.fini_array)
                [!provide]                        PROVIDE (__fini_array_end, ABSOLUTE (.))
 *(.eh_frame)
 *(.gcc_except_table .gcc_except_table.*)
 *(.dynamic)
                0x00000000080042a8                PROVIDE (__CTOR_LIST__, ABSOLUTE (.))
 *(.ctors)
 *(SORT(.ctors.*))
                0x00000000080042a8                PROVIDE (__CTOR_END__, ABSOLUTE (.))
                0x00000000080042a8                PROVIDE (__DTOR_LIST__, ABSOLUTE (.))
 *(.dtors)
 *(SORT(.dtors.*))
                0x00000000080042a8                PROVIDE (__DTOR_END__, ABSOLUTE (.))
 *(.jcr)
                0x00000000080042a8                . = ALIGN (0x4)

.rodata         0x00000000080042a8      0x144
                0x00000000080042a8                PROVIDE (__ram_rodata_start, ABSOLUTE (.))
                0x00000000080042a8                . = ALIGN (0x4)
 *(.rodata .rodata.* .gnu.linkonce.r.*)
 .rodata        0x00000000080042a8      0x100 c:/intelfpga_lite/16.1/nios2eds/bin/gnu/h-x86_64-mingw32/bin/../lib/gcc/nios2-elf/5.3.0\libgcc.a(_clz.o)
                0x00000000080042a8                __clz_tab
 .rodata        0x00000000080043a8       0x11 ../Final_bsp/\libhal_bsp.a(alt_main.o)
 *fill*         0x00000000080043b9        0x3 
 .rodata        0x00000000080043bc       0x1d ../Final_bsp/\libhal_bsp.a(alt_sys_init.o)
 *fill*         0x00000000080043d9        0x3 
 .rodata        0x00000000080043dc        0xa ../Final_bsp/\libhal_bsp.a(alt_dev.o)
 *fill*         0x00000000080043e6        0x2 
 .rodata.str1.4
                0x00000000080043e8        0x4 c:/intelfpga_lite/16.1/nios2eds/bin/gnu/h-x86_64-mingw32/bin/../lib/gcc/nios2-elf/5.3.0/../../../../../H-x86_64-mingw32/nios2-elf/lib\libc.a(lib_a-impure.o)
                                          0x2 (size before relaxing)
 *(.rodata1)
                0x00000000080043ec                . = ALIGN (0x4)
                0x00000000080043ec                PROVIDE (__ram_rodata_end, ABSOLUTE (.))
                0x00000000080042a8                PROVIDE (__flash_rodata_start, LOADADDR (.rodata))

.rwdata         0x00000000080043ec     0x18b8 load address 0x0000000008005ca4
                0x00000000080043ec                PROVIDE (__ram_rwdata_start, ABSOLUTE (.))
                0x00000000080043ec                . = ALIGN (0x4)
 *(.got.plt)
 *(.got)
 *(.data1)
 *(.data .data.* .gnu.linkonce.d.*)
 .data          0x00000000080043ec        0x0 ../Final_bsp//obj/HAL/src/crt0.o
 .data          0x00000000080043ec      0x208 obj/default/hello_world.o
                0x00000000080043ec                HEX_DISPLAY
                0x000000000800442c                Pattern2
                0x0000000008004444                sevseg_list
                0x0000000008004514                customChar
                0x0000000008004534                player_still
                0x0000000008004554                player_walk
                0x0000000008004574                zombie_still
                0x0000000008004594                zombie_walk
                0x00000000080045b4                bullet_move
                0x00000000080045d4                tombstone
 .data          0x00000000080045f4        0x0 c:/intelfpga_lite/16.1/nios2eds/bin/gnu/h-x86_64-mingw32/bin/../lib/gcc/nios2-elf/5.3.0\libgcc.a(_fixunssfsi.o)
 .data          0x00000000080045f4        0x0 c:/intelfpga_lite/16.1/nios2eds/bin/gnu/h-x86_64-mingw32/bin/../lib/gcc/nios2-elf/5.3.0\libgcc.a(gesf2.o)
 .data          0x00000000080045f4        0x0 c:/intelfpga_lite/16.1/nios2eds/bin/gnu/h-x86_64-mingw32/bin/../lib/gcc/nios2-elf/5.3.0\libgcc.a(mulsf3.o)
 .data          0x00000000080045f4        0x0 c:/intelfpga_lite/16.1/nios2eds/bin/gnu/h-x86_64-mingw32/bin/../lib/gcc/nios2-elf/5.3.0\libgcc.a(subsf3.o)
 .data          0x00000000080045f4        0x0 c:/intelfpga_lite/16.1/nios2eds/bin/gnu/h-x86_64-mingw32/bin/../lib/gcc/nios2-elf/5.3.0\libgcc.a(fixsfsi.o)
 .data          0x00000000080045f4        0x0 c:/intelfpga_lite/16.1/nios2eds/bin/gnu/h-x86_64-mingw32/bin/../lib/gcc/nios2-elf/5.3.0\libgcc.a(floatsisf.o)
 .data          0x00000000080045f4        0x0 c:/intelfpga_lite/16.1/nios2eds/bin/gnu/h-x86_64-mingw32/bin/../lib/gcc/nios2-elf/5.3.0\libgcc.a(_clzsi2.o)
 .data          0x00000000080045f4        0x0 c:/intelfpga_lite/16.1/nios2eds/bin/gnu/h-x86_64-mingw32/bin/../lib/gcc/nios2-elf/5.3.0\libgcc.a(_clz.o)
 .data          0x00000000080045f4        0x0 c:/intelfpga_lite/16.1/nios2eds/bin/gnu/h-x86_64-mingw32/bin/../lib/gcc/nios2-elf/5.3.0/../../../../../H-x86_64-mingw32/nios2-elf/lib\libc.a(lib_a-strlen.o)
 .data          0x00000000080045f4        0x0 ../Final_bsp/\libhal_bsp.a(alt_iic.o)
 .data          0x00000000080045f4        0x0 ../Final_bsp/\libhal_bsp.a(alt_iic_isr_register.o)
 .data          0x00000000080045f4        0x0 ../Final_bsp/\libhal_bsp.a(alt_irq_entry.o)
 .data          0x00000000080045f4        0x0 ../Final_bsp/\libhal_bsp.a(alt_irq_handler.o)
 .data          0x00000000080045f4        0x0 ../Final_bsp/\libhal_bsp.a(alt_irq_vars.o)
 .data          0x00000000080045f4        0x0 ../Final_bsp/\libhal_bsp.a(alt_load.o)
 .data          0x00000000080045f4        0x0 ../Final_bsp/\libhal_bsp.a(alt_main.o)
 .data          0x00000000080045f4        0x0 ../Final_bsp/\libhal_bsp.a(alt_usleep.o)
 .data          0x00000000080045f4     0x108c ../Final_bsp/\libhal_bsp.a(alt_sys_init.o)
 .data          0x0000000008005680        0x0 ../Final_bsp/\libhal_bsp.a(altera_avalon_jtag_uart_fd.o)
 .data          0x0000000008005680        0x0 ../Final_bsp/\libhal_bsp.a(altera_avalon_jtag_uart_init.o)
 .data          0x0000000008005680        0x0 ../Final_bsp/\libhal_bsp.a(altera_avalon_jtag_uart_ioctl.o)
 .data          0x0000000008005680        0x0 ../Final_bsp/\libhal_bsp.a(altera_avalon_jtag_uart_read.o)
 .data          0x0000000008005680        0x0 ../Final_bsp/\libhal_bsp.a(altera_avalon_jtag_uart_write.o)
 .data          0x0000000008005680        0x0 ../Final_bsp/\libhal_bsp.a(altera_avalon_timer_sc.o)
 .data          0x0000000008005680        0x0 ../Final_bsp/\libhal_bsp.a(altera_up_avalon_character_lcd.o)
 .data          0x0000000008005680        0x0 ../Final_bsp/\libhal_bsp.a(alt_alarm_start.o)
 .data          0x0000000008005680        0x0 ../Final_bsp/\libhal_bsp.a(alt_busy_sleep.o)
 .data          0x0000000008005680        0x0 ../Final_bsp/\libhal_bsp.a(alt_close.o)
 .data          0x0000000008005680        0x0 ../Final_bsp/\libhal_bsp.a(alt_dcache_flush_all.o)
 .data          0x0000000008005680      0x1a8 ../Final_bsp/\libhal_bsp.a(alt_dev.o)
                0x0000000008005680                alt_dev_null
                0x00000000080056a8                alt_fd_list
 .data          0x0000000008005828        0x0 ../Final_bsp/\libhal_bsp.a(alt_dev_llist_insert.o)
 .data          0x0000000008005828        0x0 ../Final_bsp/\libhal_bsp.a(alt_do_ctors.o)
 .data          0x0000000008005828        0x0 ../Final_bsp/\libhal_bsp.a(alt_do_dtors.o)
 .data          0x0000000008005828        0x0 ../Final_bsp/\libhal_bsp.a(alt_errno.o)
 .data          0x0000000008005828        0x0 ../Final_bsp/\libhal_bsp.a(alt_exception_entry.o)
 .data          0x0000000008005828        0x0 ../Final_bsp/\libhal_bsp.a(alt_find_dev.o)
 .data          0x0000000008005828        0x0 ../Final_bsp/\libhal_bsp.a(alt_icache_flush_all.o)
 .data          0x0000000008005828        0x0 ../Final_bsp/\libhal_bsp.a(alt_instruction_exception_entry.o)
 .data          0x0000000008005828        0x0 ../Final_bsp/\libhal_bsp.a(alt_io_redirect.o)
 .data          0x0000000008005828        0x0 ../Final_bsp/\libhal_bsp.a(alt_open.o)
 .data          0x0000000008005828        0x0 ../Final_bsp/\libhal_bsp.a(alt_release_fd.o)
 .data          0x0000000008005828        0x0 ../Final_bsp/\libhal_bsp.a(alt_tick.o)
 .data          0x0000000008005828        0x0 ../Final_bsp/\libhal_bsp.a(altera_nios2_gen2_irq.o)
 .data          0x0000000008005828        0x0 ../Final_bsp/\libhal_bsp.a(alt_find_file.o)
 .data          0x0000000008005828        0x0 ../Final_bsp/\libhal_bsp.a(alt_get_fd.o)
 .data          0x0000000008005828        0x0 ../Final_bsp/\libhal_bsp.a(alt_icache_flush.o)
 .data          0x0000000008005828        0x0 c:/intelfpga_lite/16.1/nios2eds/bin/gnu/h-x86_64-mingw32/bin/../lib/gcc/nios2-elf/5.3.0/../../../../../H-x86_64-mingw32/nios2-elf/lib\libc.a(lib_a-atexit.o)
 .data          0x0000000008005828        0x0 c:/intelfpga_lite/16.1/nios2eds/bin/gnu/h-x86_64-mingw32/bin/../lib/gcc/nios2-elf/5.3.0/../../../../../H-x86_64-mingw32/nios2-elf/lib\libc.a(lib_a-exit.o)
 .data          0x0000000008005828        0x0 c:/intelfpga_lite/16.1/nios2eds/bin/gnu/h-x86_64-mingw32/bin/../lib/gcc/nios2-elf/5.3.0/../../../../../H-x86_64-mingw32/nios2-elf/lib\libc.a(lib_a-impure.o)
 .data.impure_data
                0x0000000008005828      0x424 c:/intelfpga_lite/16.1/nios2eds/bin/gnu/h-x86_64-mingw32/bin/../lib/gcc/nios2-elf/5.3.0/../../../../../H-x86_64-mingw32/nios2-elf/lib\libc.a(lib_a-impure.o)
 .data          0x0000000008005c4c        0x0 c:/intelfpga_lite/16.1/nios2eds/bin/gnu/h-x86_64-mingw32/bin/../lib/gcc/nios2-elf/5.3.0/../../../../../H-x86_64-mingw32/nios2-elf/lib\libc.a(lib_a-int_errno.o)
 .data          0x0000000008005c4c        0x0 c:/intelfpga_lite/16.1/nios2eds/bin/gnu/h-x86_64-mingw32/bin/../lib/gcc/nios2-elf/5.3.0/../../../../../H-x86_64-mingw32/nios2-elf/lib\libc.a(lib_a-memcmp.o)
 .data          0x0000000008005c4c        0x0 c:/intelfpga_lite/16.1/nios2eds/bin/gnu/h-x86_64-mingw32/bin/../lib/gcc/nios2-elf/5.3.0/../../../../../H-x86_64-mingw32/nios2-elf/lib\libc.a(lib_a-memcpy.o)
 .data          0x0000000008005c4c        0x0 c:/intelfpga_lite/16.1/nios2eds/bin/gnu/h-x86_64-mingw32/bin/../lib/gcc/nios2-elf/5.3.0/../../../../../H-x86_64-mingw32/nios2-elf/lib\libc.a(lib_a-__atexit.o)
 .data          0x0000000008005c4c        0x0 c:/intelfpga_lite/16.1/nios2eds/bin/gnu/h-x86_64-mingw32/bin/../lib/gcc/nios2-elf/5.3.0/../../../../../H-x86_64-mingw32/nios2-elf/lib\libc.a(lib_a-__call_atexit.o)
 .data          0x0000000008005c4c        0x0 c:/intelfpga_lite/16.1/nios2eds/bin/gnu/h-x86_64-mingw32/bin/../lib/gcc/nios2-elf/5.3.0\libgcc.a(lib2-divmod.o)
 .data          0x0000000008005c4c        0x0 ../Final_bsp/\libhal_bsp.a(alt_exit.o)
                0x000000000800dc4c                _gp = ABSOLUTE ((. + 0x8000))
                [!provide]                        PROVIDE (gp, _gp)
 *(.rwdata .rwdata.*)
 *(.sdata .sdata.* .gnu.linkonce.s.*)
 .sdata         0x0000000008005c4c       0x29 obj/default/hello_world.o
                0x0000000008005c4c                mask_LED
                0x0000000008005c50                text_hello
                0x0000000008005c58                clock_period_l
                0x0000000008005c5c                clock_period_h
                0x0000000008005c60                second
                0x0000000008005c64                Pattern1
                0x0000000008005c68                pattern3
                0x0000000008005c6c                character
                0x0000000008005c70                bulletPosition
                0x0000000008005c74                bullet
 *fill*         0x0000000008005c75        0x3 
 .sdata         0x0000000008005c78        0x4 ../Final_bsp/\libhal_bsp.a(alt_irq_vars.o)
                0x0000000008005c78                alt_priority_mask
 .sdata         0x0000000008005c7c       0x14 ../Final_bsp/\libhal_bsp.a(alt_dev.o)
                0x0000000008005c7c                alt_fs_list
                0x0000000008005c84                alt_dev_list
                0x0000000008005c8c                alt_max_fd
 .sdata         0x0000000008005c90        0x4 ../Final_bsp/\libhal_bsp.a(alt_errno.o)
                0x0000000008005c90                alt_errno
 .sdata         0x0000000008005c94        0x8 ../Final_bsp/\libhal_bsp.a(alt_tick.o)
                0x0000000008005c94                alt_alarm_list
 .sdata._global_impure_ptr
                0x0000000008005c9c        0x4 c:/intelfpga_lite/16.1/nios2eds/bin/gnu/h-x86_64-mingw32/bin/../lib/gcc/nios2-elf/5.3.0/../../../../../H-x86_64-mingw32/nios2-elf/lib\libc.a(lib_a-impure.o)
                0x0000000008005c9c                _global_impure_ptr
 .sdata._impure_ptr
                0x0000000008005ca0        0x4 c:/intelfpga_lite/16.1/nios2eds/bin/gnu/h-x86_64-mingw32/bin/../lib/gcc/nios2-elf/5.3.0/../../../../../H-x86_64-mingw32/nios2-elf/lib\libc.a(lib_a-impure.o)
                0x0000000008005ca0                _impure_ptr
 *(.sdata2 .sdata2.* .gnu.linkonce.s2.*)
                0x0000000008005ca4                . = ALIGN (0x4)
                0x0000000008005ca4                _edata = ABSOLUTE (.)
                [!provide]                        PROVIDE (edata, ABSOLUTE (.))
                0x0000000008005ca4                PROVIDE (__ram_rwdata_end, ABSOLUTE (.))
                0x0000000008005ca4                PROVIDE (__flash_rwdata_start, LOADADDR (.rwdata))

.bss            0x000000000800755c      0x170
                0x000000000800755c                __bss_start = ABSOLUTE (.)
                [!provide]                        PROVIDE (__sbss_start, ABSOLUTE (.))
                [!provide]                        PROVIDE (___sbss_start, ABSOLUTE (.))
 *(.dynsbss)
 *(.sbss .sbss.* .gnu.linkonce.sb.*)
 .sbss          0x000000000800755c       0x24 obj/default/hello_world.o
                0x000000000800755c                out_LED
                0x0000000008007560                currTime
                0x0000000008007564                offset
                0x0000000008007568                time_sec
                0x000000000800756c                sample
                0x0000000008007570                flag
                0x0000000008007574                flag_timer
                0x0000000008007578                bulletActive
                0x000000000800757c                playerPosition
 .sbss          0x0000000008007580       0x15 obj/default/hello_world.o
                0x0000000008007580                t
                0x0000000008007584                time_capture
                0x0000000008007588                edge_capture
                0x000000000800758c                clock_period
                0x0000000008007590                push_val
                0x0000000008007594                jtag_capture
 *fill*         0x0000000008007595        0x3 
 .sbss          0x0000000008007598        0x4 ../Final_bsp/\libhal_bsp.a(alt_irq_vars.o)
                0x0000000008007598                alt_irq_active
 .sbss          0x000000000800759c        0xc ../Final_bsp/\libhal_bsp.a(alt_main.o)
                0x000000000800759c                alt_argc
                0x00000000080075a0                alt_argv
                0x00000000080075a4                alt_envp
 .sbss          0x00000000080075a8        0x4 ../Final_bsp/\libhal_bsp.a(alt_instruction_exception_entry.o)
                0x00000000080075a8                alt_instruction_exception_handler
 .sbss          0x00000000080075ac        0x8 ../Final_bsp/\libhal_bsp.a(alt_tick.o)
                0x00000000080075ac                _alt_tick_rate
                0x00000000080075b0                _alt_nticks
 .sbss          0x00000000080075b4        0x4 c:/intelfpga_lite/16.1/nios2eds/bin/gnu/h-x86_64-mingw32/bin/../lib/gcc/nios2-elf/5.3.0/../../../../../H-x86_64-mingw32/nios2-elf/lib\libc.a(lib_a-int_errno.o)
                0x00000000080075b4                errno
 *(.sbss2 .sbss2.* .gnu.linkonce.sb2.*)
 *(.scommon)
                [!provide]                        PROVIDE (__sbss_end, ABSOLUTE (.))
                [!provide]                        PROVIDE (___sbss_end, ABSOLUTE (.))
 *(.dynbss)
 *(.bss .bss.* .gnu.linkonce.b.*)
 .bss           0x00000000080075b8        0x0 ../Final_bsp//obj/HAL/src/crt0.o
 .bss           0x00000000080075b8       0x14 obj/default/hello_world.o
                0x00000000080075b8                customPattern
 .bss           0x00000000080075cc        0x0 c:/intelfpga_lite/16.1/nios2eds/bin/gnu/h-x86_64-mingw32/bin/../lib/gcc/nios2-elf/5.3.0\libgcc.a(_fixunssfsi.o)
 .bss           0x00000000080075cc        0x0 c:/intelfpga_lite/16.1/nios2eds/bin/gnu/h-x86_64-mingw32/bin/../lib/gcc/nios2-elf/5.3.0\libgcc.a(gesf2.o)
 .bss           0x00000000080075cc        0x0 c:/intelfpga_lite/16.1/nios2eds/bin/gnu/h-x86_64-mingw32/bin/../lib/gcc/nios2-elf/5.3.0\libgcc.a(mulsf3.o)
 .bss           0x00000000080075cc        0x0 c:/intelfpga_lite/16.1/nios2eds/bin/gnu/h-x86_64-mingw32/bin/../lib/gcc/nios2-elf/5.3.0\libgcc.a(subsf3.o)
 .bss           0x00000000080075cc        0x0 c:/intelfpga_lite/16.1/nios2eds/bin/gnu/h-x86_64-mingw32/bin/../lib/gcc/nios2-elf/5.3.0\libgcc.a(fixsfsi.o)
 .bss           0x00000000080075cc        0x0 c:/intelfpga_lite/16.1/nios2eds/bin/gnu/h-x86_64-mingw32/bin/../lib/gcc/nios2-elf/5.3.0\libgcc.a(floatsisf.o)
 .bss           0x00000000080075cc        0x0 c:/intelfpga_lite/16.1/nios2eds/bin/gnu/h-x86_64-mingw32/bin/../lib/gcc/nios2-elf/5.3.0\libgcc.a(_clzsi2.o)
 .bss           0x00000000080075cc        0x0 c:/intelfpga_lite/16.1/nios2eds/bin/gnu/h-x86_64-mingw32/bin/../lib/gcc/nios2-elf/5.3.0\libgcc.a(_clz.o)
 .bss           0x00000000080075cc        0x0 c:/intelfpga_lite/16.1/nios2eds/bin/gnu/h-x86_64-mingw32/bin/../lib/gcc/nios2-elf/5.3.0/../../../../../H-x86_64-mingw32/nios2-elf/lib\libc.a(lib_a-strlen.o)
 .bss           0x00000000080075cc        0x0 ../Final_bsp/\libhal_bsp.a(alt_iic.o)
 .bss           0x00000000080075cc        0x0 ../Final_bsp/\libhal_bsp.a(alt_iic_isr_register.o)
 .bss           0x00000000080075cc        0x0 ../Final_bsp/\libhal_bsp.a(alt_irq_entry.o)
 .bss           0x00000000080075cc        0x0 ../Final_bsp/\libhal_bsp.a(alt_irq_handler.o)
 .bss           0x00000000080075cc        0x0 ../Final_bsp/\libhal_bsp.a(alt_irq_vars.o)
 .bss           0x00000000080075cc        0x0 ../Final_bsp/\libhal_bsp.a(alt_load.o)
 .bss           0x00000000080075cc        0x0 ../Final_bsp/\libhal_bsp.a(alt_main.o)
 .bss           0x00000000080075cc        0x0 ../Final_bsp/\libhal_bsp.a(alt_usleep.o)
 .bss           0x00000000080075cc        0x0 ../Final_bsp/\libhal_bsp.a(alt_sys_init.o)
 .bss           0x00000000080075cc        0x0 ../Final_bsp/\libhal_bsp.a(altera_avalon_jtag_uart_fd.o)
 .bss           0x00000000080075cc        0x0 ../Final_bsp/\libhal_bsp.a(altera_avalon_jtag_uart_init.o)
 .bss           0x00000000080075cc        0x0 ../Final_bsp/\libhal_bsp.a(altera_avalon_jtag_uart_ioctl.o)
 .bss           0x00000000080075cc        0x0 ../Final_bsp/\libhal_bsp.a(altera_avalon_jtag_uart_read.o)
 .bss           0x00000000080075cc        0x0 ../Final_bsp/\libhal_bsp.a(altera_avalon_jtag_uart_write.o)
 .bss           0x00000000080075cc        0x0 ../Final_bsp/\libhal_bsp.a(altera_avalon_timer_sc.o)
 .bss           0x00000000080075cc        0x0 ../Final_bsp/\libhal_bsp.a(altera_up_avalon_character_lcd.o)
 .bss           0x00000000080075cc        0x0 ../Final_bsp/\libhal_bsp.a(alt_alarm_start.o)
 .bss           0x00000000080075cc        0x0 ../Final_bsp/\libhal_bsp.a(alt_busy_sleep.o)
 .bss           0x00000000080075cc        0x0 ../Final_bsp/\libhal_bsp.a(alt_close.o)
 .bss           0x00000000080075cc        0x0 ../Final_bsp/\libhal_bsp.a(alt_dcache_flush_all.o)
 .bss           0x00000000080075cc        0x0 ../Final_bsp/\libhal_bsp.a(alt_dev.o)
 .bss           0x00000000080075cc        0x0 ../Final_bsp/\libhal_bsp.a(alt_dev_llist_insert.o)
 .bss           0x00000000080075cc        0x0 ../Final_bsp/\libhal_bsp.a(alt_do_ctors.o)
 .bss           0x00000000080075cc        0x0 ../Final_bsp/\libhal_bsp.a(alt_do_dtors.o)
 .bss           0x00000000080075cc        0x0 ../Final_bsp/\libhal_bsp.a(alt_errno.o)
 .bss           0x00000000080075cc        0x0 ../Final_bsp/\libhal_bsp.a(alt_exception_entry.o)
 .bss           0x00000000080075cc        0x0 ../Final_bsp/\libhal_bsp.a(alt_find_dev.o)
 .bss           0x00000000080075cc        0x0 ../Final_bsp/\libhal_bsp.a(alt_icache_flush_all.o)
 .bss           0x00000000080075cc        0x0 ../Final_bsp/\libhal_bsp.a(alt_instruction_exception_entry.o)
 .bss           0x00000000080075cc        0x0 ../Final_bsp/\libhal_bsp.a(alt_io_redirect.o)
 .bss           0x00000000080075cc        0x0 ../Final_bsp/\libhal_bsp.a(alt_open.o)
 .bss           0x00000000080075cc        0x0 ../Final_bsp/\libhal_bsp.a(alt_release_fd.o)
 .bss           0x00000000080075cc        0x0 ../Final_bsp/\libhal_bsp.a(alt_tick.o)
 .bss           0x00000000080075cc        0x0 ../Final_bsp/\libhal_bsp.a(altera_nios2_gen2_irq.o)
 .bss           0x00000000080075cc        0x0 ../Final_bsp/\libhal_bsp.a(alt_find_file.o)
 .bss           0x00000000080075cc        0x0 ../Final_bsp/\libhal_bsp.a(alt_get_fd.o)
 .bss           0x00000000080075cc        0x0 ../Final_bsp/\libhal_bsp.a(alt_icache_flush.o)
 .bss           0x00000000080075cc        0x0 c:/intelfpga_lite/16.1/nios2eds/bin/gnu/h-x86_64-mingw32/bin/../lib/gcc/nios2-elf/5.3.0/../../../../../H-x86_64-mingw32/nios2-elf/lib\libc.a(lib_a-atexit.o)
 .bss           0x00000000080075cc        0x0 c:/intelfpga_lite/16.1/nios2eds/bin/gnu/h-x86_64-mingw32/bin/../lib/gcc/nios2-elf/5.3.0/../../../../../H-x86_64-mingw32/nios2-elf/lib\libc.a(lib_a-exit.o)
 .bss           0x00000000080075cc        0x0 c:/intelfpga_lite/16.1/nios2eds/bin/gnu/h-x86_64-mingw32/bin/../lib/gcc/nios2-elf/5.3.0/../../../../../H-x86_64-mingw32/nios2-elf/lib\libc.a(lib_a-impure.o)
 .bss           0x00000000080075cc        0x0 c:/intelfpga_lite/16.1/nios2eds/bin/gnu/h-x86_64-mingw32/bin/../lib/gcc/nios2-elf/5.3.0/../../../../../H-x86_64-mingw32/nios2-elf/lib\libc.a(lib_a-int_errno.o)
 .bss           0x00000000080075cc        0x0 c:/intelfpga_lite/16.1/nios2eds/bin/gnu/h-x86_64-mingw32/bin/../lib/gcc/nios2-elf/5.3.0/../../../../../H-x86_64-mingw32/nios2-elf/lib\libc.a(lib_a-memcmp.o)
 .bss           0x00000000080075cc        0x0 c:/intelfpga_lite/16.1/nios2eds/bin/gnu/h-x86_64-mingw32/bin/../lib/gcc/nios2-elf/5.3.0/../../../../../H-x86_64-mingw32/nios2-elf/lib\libc.a(lib_a-memcpy.o)
 .bss           0x00000000080075cc        0x0 c:/intelfpga_lite/16.1/nios2eds/bin/gnu/h-x86_64-mingw32/bin/../lib/gcc/nios2-elf/5.3.0/../../../../../H-x86_64-mingw32/nios2-elf/lib\libc.a(lib_a-__atexit.o)
 .bss           0x00000000080075cc        0x0 c:/intelfpga_lite/16.1/nios2eds/bin/gnu/h-x86_64-mingw32/bin/../lib/gcc/nios2-elf/5.3.0/../../../../../H-x86_64-mingw32/nios2-elf/lib\libc.a(lib_a-__call_atexit.o)
 .bss           0x00000000080075cc        0x0 c:/intelfpga_lite/16.1/nios2eds/bin/gnu/h-x86_64-mingw32/bin/../lib/gcc/nios2-elf/5.3.0\libgcc.a(lib2-divmod.o)
 .bss           0x00000000080075cc        0x0 ../Final_bsp/\libhal_bsp.a(alt_exit.o)
 *(COMMON)
 COMMON         0x00000000080075cc      0x100 ../Final_bsp/\libhal_bsp.a(alt_irq_handler.o)
                0x00000000080075cc                alt_irq
                0x00000000080076cc                . = ALIGN (0x4)
                0x00000000080076cc                __bss_end = ABSOLUTE (.)

.onchip_memory2_0
                0x0000000000200000        0x0 load address 0x00000000080076cc
                [!provide]                        PROVIDE (_alt_partition_onchip_memory2_0_start, ABSOLUTE (.))
 *(.onchip_memory2_0 .onchip_memory2_0. onchip_memory2_0.*)
                0x0000000000200000                . = ALIGN (0x4)
                [!provide]                        PROVIDE (_alt_partition_onchip_memory2_0_end, ABSOLUTE (.))
                [!provide]                        PROVIDE (_alt_partition_onchip_memory2_0_load_addr, LOADADDR (.onchip_memory2_0))

.sdram          0x00000000080076cc        0x0
                [!provide]                        PROVIDE (_alt_partition_sdram_start, ABSOLUTE (.))
 *(.sdram .sdram. sdram.*)
                0x00000000080076cc                . = ALIGN (0x4)
                [!provide]                        PROVIDE (_alt_partition_sdram_end, ABSOLUTE (.))
                0x00000000080076cc                _end = ABSOLUTE (.)
                0x00000000080076cc                end = ABSOLUTE (.)
                0x00000000080076cc                __alt_stack_base = ABSOLUTE (.)
                [!provide]                        PROVIDE (_alt_partition_sdram_load_addr, LOADADDR (.sdram))

.stab
 *(.stab)

.stabstr
 *(.stabstr)

.stab.excl
 *(.stab.excl)

.stab.exclstr
 *(.stab.exclstr)

.stab.index
 *(.stab.index)

.stab.indexstr
 *(.stab.indexstr)

.comment        0x0000000000000000       0x23
 *(.comment)
 .comment       0x0000000000000000       0x23 obj/default/hello_world.o
                                         0x24 (size before relaxing)
 .comment       0x0000000000000023       0x24 c:/intelfpga_lite/16.1/nios2eds/bin/gnu/h-x86_64-mingw32/bin/../lib/gcc/nios2-elf/5.3.0\libgcc.a(_fixunssfsi.o)
 .comment       0x0000000000000023       0x24 c:/intelfpga_lite/16.1/nios2eds/bin/gnu/h-x86_64-mingw32/bin/../lib/gcc/nios2-elf/5.3.0\libgcc.a(gesf2.o)
 .comment       0x0000000000000023       0x24 c:/intelfpga_lite/16.1/nios2eds/bin/gnu/h-x86_64-mingw32/bin/../lib/gcc/nios2-elf/5.3.0\libgcc.a(mulsf3.o)
 .comment       0x0000000000000023       0x24 c:/intelfpga_lite/16.1/nios2eds/bin/gnu/h-x86_64-mingw32/bin/../lib/gcc/nios2-elf/5.3.0\libgcc.a(subsf3.o)
 .comment       0x0000000000000023       0x24 c:/intelfpga_lite/16.1/nios2eds/bin/gnu/h-x86_64-mingw32/bin/../lib/gcc/nios2-elf/5.3.0\libgcc.a(fixsfsi.o)
 .comment       0x0000000000000023       0x24 c:/intelfpga_lite/16.1/nios2eds/bin/gnu/h-x86_64-mingw32/bin/../lib/gcc/nios2-elf/5.3.0\libgcc.a(floatsisf.o)
 .comment       0x0000000000000023       0x24 c:/intelfpga_lite/16.1/nios2eds/bin/gnu/h-x86_64-mingw32/bin/../lib/gcc/nios2-elf/5.3.0\libgcc.a(_clzsi2.o)
 .comment       0x0000000000000023       0x24 c:/intelfpga_lite/16.1/nios2eds/bin/gnu/h-x86_64-mingw32/bin/../lib/gcc/nios2-elf/5.3.0\libgcc.a(_clz.o)
 .comment       0x0000000000000023       0x24 c:/intelfpga_lite/16.1/nios2eds/bin/gnu/h-x86_64-mingw32/bin/../lib/gcc/nios2-elf/5.3.0/../../../../../H-x86_64-mingw32/nios2-elf/lib\libc.a(lib_a-strlen.o)
 .comment       0x0000000000000023       0x24 ../Final_bsp/\libhal_bsp.a(alt_iic.o)
 .comment       0x0000000000000023       0x24 ../Final_bsp/\libhal_bsp.a(alt_iic_isr_register.o)
 .comment       0x0000000000000023       0x24 ../Final_bsp/\libhal_bsp.a(alt_irq_handler.o)
 .comment       0x0000000000000023       0x24 ../Final_bsp/\libhal_bsp.a(alt_irq_vars.o)
 .comment       0x0000000000000023       0x24 ../Final_bsp/\libhal_bsp.a(alt_load.o)
 .comment       0x0000000000000023       0x24 ../Final_bsp/\libhal_bsp.a(alt_main.o)
 .comment       0x0000000000000023       0x24 ../Final_bsp/\libhal_bsp.a(alt_usleep.o)
 .comment       0x0000000000000023       0x24 ../Final_bsp/\libhal_bsp.a(alt_sys_init.o)
 .comment       0x0000000000000023       0x24 ../Final_bsp/\libhal_bsp.a(altera_avalon_jtag_uart_fd.o)
 .comment       0x0000000000000023       0x24 ../Final_bsp/\libhal_bsp.a(altera_avalon_jtag_uart_init.o)
 .comment       0x0000000000000023       0x24 ../Final_bsp/\libhal_bsp.a(altera_avalon_jtag_uart_ioctl.o)
 .comment       0x0000000000000023       0x24 ../Final_bsp/\libhal_bsp.a(altera_avalon_jtag_uart_read.o)
 .comment       0x0000000000000023       0x24 ../Final_bsp/\libhal_bsp.a(altera_avalon_jtag_uart_write.o)
 .comment       0x0000000000000023       0x24 ../Final_bsp/\libhal_bsp.a(altera_avalon_timer_sc.o)
 .comment       0x0000000000000023       0x24 ../Final_bsp/\libhal_bsp.a(altera_up_avalon_character_lcd.o)
 .comment       0x0000000000000023       0x24 ../Final_bsp/\libhal_bsp.a(alt_alarm_start.o)
 .comment       0x0000000000000023       0x24 ../Final_bsp/\libhal_bsp.a(alt_busy_sleep.o)
 .comment       0x0000000000000023       0x24 ../Final_bsp/\libhal_bsp.a(alt_close.o)
 .comment       0x0000000000000023       0x24 ../Final_bsp/\libhal_bsp.a(alt_dcache_flush_all.o)
 .comment       0x0000000000000023       0x24 ../Final_bsp/\libhal_bsp.a(alt_dev.o)
 .comment       0x0000000000000023       0x24 ../Final_bsp/\libhal_bsp.a(alt_dev_llist_insert.o)
 .comment       0x0000000000000023       0x24 ../Final_bsp/\libhal_bsp.a(alt_do_ctors.o)
 .comment       0x0000000000000023       0x24 ../Final_bsp/\libhal_bsp.a(alt_do_dtors.o)
 .comment       0x0000000000000023       0x24 ../Final_bsp/\libhal_bsp.a(alt_errno.o)
 .comment       0x0000000000000023       0x24 ../Final_bsp/\libhal_bsp.a(alt_find_dev.o)
 .comment       0x0000000000000023       0x24 ../Final_bsp/\libhal_bsp.a(alt_icache_flush_all.o)
 .comment       0x0000000000000023       0x24 ../Final_bsp/\libhal_bsp.a(alt_instruction_exception_entry.o)
 .comment       0x0000000000000023       0x24 ../Final_bsp/\libhal_bsp.a(alt_io_redirect.o)
 .comment       0x0000000000000023       0x24 ../Final_bsp/\libhal_bsp.a(alt_open.o)
 .comment       0x0000000000000023       0x24 ../Final_bsp/\libhal_bsp.a(alt_release_fd.o)
 .comment       0x0000000000000023       0x24 ../Final_bsp/\libhal_bsp.a(alt_tick.o)
 .comment       0x0000000000000023       0x24 ../Final_bsp/\libhal_bsp.a(altera_nios2_gen2_irq.o)
 .comment       0x0000000000000023       0x24 ../Final_bsp/\libhal_bsp.a(alt_find_file.o)
 .comment       0x0000000000000023       0x24 ../Final_bsp/\libhal_bsp.a(alt_get_fd.o)
 .comment       0x0000000000000023       0x24 ../Final_bsp/\libhal_bsp.a(alt_icache_flush.o)
 .comment       0x0000000000000023       0x24 c:/intelfpga_lite/16.1/nios2eds/bin/gnu/h-x86_64-mingw32/bin/../lib/gcc/nios2-elf/5.3.0/../../../../../H-x86_64-mingw32/nios2-elf/lib\libc.a(lib_a-atexit.o)
 .comment       0x0000000000000023       0x24 c:/intelfpga_lite/16.1/nios2eds/bin/gnu/h-x86_64-mingw32/bin/../lib/gcc/nios2-elf/5.3.0/../../../../../H-x86_64-mingw32/nios2-elf/lib\libc.a(lib_a-exit.o)
 .comment       0x0000000000000023       0x24 c:/intelfpga_lite/16.1/nios2eds/bin/gnu/h-x86_64-mingw32/bin/../lib/gcc/nios2-elf/5.3.0/../../../../../H-x86_64-mingw32/nios2-elf/lib\libc.a(lib_a-impure.o)
 .comment       0x0000000000000023       0x24 c:/intelfpga_lite/16.1/nios2eds/bin/gnu/h-x86_64-mingw32/bin/../lib/gcc/nios2-elf/5.3.0/../../../../../H-x86_64-mingw32/nios2-elf/lib\libc.a(lib_a-int_errno.o)
 .comment       0x0000000000000023       0x24 c:/intelfpga_lite/16.1/nios2eds/bin/gnu/h-x86_64-mingw32/bin/../lib/gcc/nios2-elf/5.3.0/../../../../../H-x86_64-mingw32/nios2-elf/lib\libc.a(lib_a-memcmp.o)
 .comment       0x0000000000000023       0x24 c:/intelfpga_lite/16.1/nios2eds/bin/gnu/h-x86_64-mingw32/bin/../lib/gcc/nios2-elf/5.3.0/../../../../../H-x86_64-mingw32/nios2-elf/lib\libc.a(lib_a-memcpy.o)
 .comment       0x0000000000000023       0x24 c:/intelfpga_lite/16.1/nios2eds/bin/gnu/h-x86_64-mingw32/bin/../lib/gcc/nios2-elf/5.3.0/../../../../../H-x86_64-mingw32/nios2-elf/lib\libc.a(lib_a-__atexit.o)
 .comment       0x0000000000000023       0x24 c:/intelfpga_lite/16.1/nios2eds/bin/gnu/h-x86_64-mingw32/bin/../lib/gcc/nios2-elf/5.3.0/../../../../../H-x86_64-mingw32/nios2-elf/lib\libc.a(lib_a-__call_atexit.o)
 .comment       0x0000000000000023       0x24 c:/intelfpga_lite/16.1/nios2eds/bin/gnu/h-x86_64-mingw32/bin/../lib/gcc/nios2-elf/5.3.0\libgcc.a(lib2-divmod.o)
 .comment       0x0000000000000023       0x24 ../Final_bsp/\libhal_bsp.a(alt_exit.o)

.debug
 *(.debug)

.line
 *(.line)

.debug_srcinfo
 *(.debug_srcinfo)

.debug_sfnames
 *(.debug_sfnames)

.debug_aranges  0x0000000000000000      0x750
 *(.debug_aranges)
 .debug_aranges
                0x0000000000000000       0x28 ../Final_bsp//obj/HAL/src/crt0.o
 .debug_aranges
                0x0000000000000028       0x20 obj/default/hello_world.o
 .debug_aranges
                0x0000000000000048       0x20 c:/intelfpga_lite/16.1/nios2eds/bin/gnu/h-x86_64-mingw32/bin/../lib/gcc/nios2-elf/5.3.0\libgcc.a(_fixunssfsi.o)
 .debug_aranges
                0x0000000000000068       0x20 c:/intelfpga_lite/16.1/nios2eds/bin/gnu/h-x86_64-mingw32/bin/../lib/gcc/nios2-elf/5.3.0\libgcc.a(gesf2.o)
 .debug_aranges
                0x0000000000000088       0x20 c:/intelfpga_lite/16.1/nios2eds/bin/gnu/h-x86_64-mingw32/bin/../lib/gcc/nios2-elf/5.3.0\libgcc.a(mulsf3.o)
 .debug_aranges
                0x00000000000000a8       0x20 c:/intelfpga_lite/16.1/nios2eds/bin/gnu/h-x86_64-mingw32/bin/../lib/gcc/nios2-elf/5.3.0\libgcc.a(subsf3.o)
 .debug_aranges
                0x00000000000000c8       0x20 c:/intelfpga_lite/16.1/nios2eds/bin/gnu/h-x86_64-mingw32/bin/../lib/gcc/nios2-elf/5.3.0\libgcc.a(fixsfsi.o)
 .debug_aranges
                0x00000000000000e8       0x20 c:/intelfpga_lite/16.1/nios2eds/bin/gnu/h-x86_64-mingw32/bin/../lib/gcc/nios2-elf/5.3.0\libgcc.a(floatsisf.o)
 .debug_aranges
                0x0000000000000108       0x20 c:/intelfpga_lite/16.1/nios2eds/bin/gnu/h-x86_64-mingw32/bin/../lib/gcc/nios2-elf/5.3.0\libgcc.a(_clzsi2.o)
 .debug_aranges
                0x0000000000000128       0x18 c:/intelfpga_lite/16.1/nios2eds/bin/gnu/h-x86_64-mingw32/bin/../lib/gcc/nios2-elf/5.3.0\libgcc.a(_clz.o)
 .debug_aranges
                0x0000000000000140       0x20 c:/intelfpga_lite/16.1/nios2eds/bin/gnu/h-x86_64-mingw32/bin/../lib/gcc/nios2-elf/5.3.0/../../../../../H-x86_64-mingw32/nios2-elf/lib\libc.a(lib_a-strlen.o)
 .debug_aranges
                0x0000000000000160       0x20 ../Final_bsp/\libhal_bsp.a(alt_iic.o)
 .debug_aranges
                0x0000000000000180       0x20 ../Final_bsp/\libhal_bsp.a(alt_iic_isr_register.o)
 .debug_aranges
                0x00000000000001a0       0x30 ../Final_bsp/\libhal_bsp.a(alt_irq_entry.o)
 .debug_aranges
                0x00000000000001d0       0x20 ../Final_bsp/\libhal_bsp.a(alt_irq_handler.o)
 .debug_aranges
                0x00000000000001f0       0x18 ../Final_bsp/\libhal_bsp.a(alt_irq_vars.o)
 .debug_aranges
                0x0000000000000208       0x20 ../Final_bsp/\libhal_bsp.a(alt_load.o)
 .debug_aranges
                0x0000000000000228       0x20 ../Final_bsp/\libhal_bsp.a(alt_main.o)
 .debug_aranges
                0x0000000000000248       0x20 ../Final_bsp/\libhal_bsp.a(alt_usleep.o)
 .debug_aranges
                0x0000000000000268       0x20 ../Final_bsp/\libhal_bsp.a(alt_sys_init.o)
 .debug_aranges
                0x0000000000000288       0x20 ../Final_bsp/\libhal_bsp.a(altera_avalon_jtag_uart_fd.o)
 .debug_aranges
                0x00000000000002a8       0x20 ../Final_bsp/\libhal_bsp.a(altera_avalon_jtag_uart_init.o)
 .debug_aranges
                0x00000000000002c8       0x20 ../Final_bsp/\libhal_bsp.a(altera_avalon_jtag_uart_ioctl.o)
 .debug_aranges
                0x00000000000002e8       0x20 ../Final_bsp/\libhal_bsp.a(altera_avalon_jtag_uart_read.o)
 .debug_aranges
                0x0000000000000308       0x20 ../Final_bsp/\libhal_bsp.a(altera_avalon_jtag_uart_write.o)
 .debug_aranges
                0x0000000000000328       0x20 ../Final_bsp/\libhal_bsp.a(altera_avalon_timer_sc.o)
 .debug_aranges
                0x0000000000000348       0x20 ../Final_bsp/\libhal_bsp.a(altera_up_avalon_character_lcd.o)
 .debug_aranges
                0x0000000000000368       0x20 ../Final_bsp/\libhal_bsp.a(alt_alarm_start.o)
 .debug_aranges
                0x0000000000000388       0x20 ../Final_bsp/\libhal_bsp.a(alt_busy_sleep.o)
 .debug_aranges
                0x00000000000003a8       0x20 ../Final_bsp/\libhal_bsp.a(alt_close.o)
 .debug_aranges
                0x00000000000003c8       0x20 ../Final_bsp/\libhal_bsp.a(alt_dcache_flush_all.o)
 .debug_aranges
                0x00000000000003e8       0x20 ../Final_bsp/\libhal_bsp.a(alt_dev.o)
 .debug_aranges
                0x0000000000000408       0x20 ../Final_bsp/\libhal_bsp.a(alt_dev_llist_insert.o)
 .debug_aranges
                0x0000000000000428       0x20 ../Final_bsp/\libhal_bsp.a(alt_do_ctors.o)
 .debug_aranges
                0x0000000000000448       0x20 ../Final_bsp/\libhal_bsp.a(alt_do_dtors.o)
 .debug_aranges
                0x0000000000000468       0x18 ../Final_bsp/\libhal_bsp.a(alt_errno.o)
 .debug_aranges
                0x0000000000000480       0x38 ../Final_bsp/\libhal_bsp.a(alt_exception_entry.o)
 .debug_aranges
                0x00000000000004b8       0x20 ../Final_bsp/\libhal_bsp.a(alt_find_dev.o)
 .debug_aranges
                0x00000000000004d8       0x20 ../Final_bsp/\libhal_bsp.a(alt_icache_flush_all.o)
 .debug_aranges
                0x00000000000004f8       0x28 ../Final_bsp/\libhal_bsp.a(alt_instruction_exception_entry.o)
 .debug_aranges
                0x0000000000000520       0x20 ../Final_bsp/\libhal_bsp.a(alt_io_redirect.o)
 .debug_aranges
                0x0000000000000540       0x20 ../Final_bsp/\libhal_bsp.a(alt_open.o)
 .debug_aranges
                0x0000000000000560       0x20 ../Final_bsp/\libhal_bsp.a(alt_release_fd.o)
 .debug_aranges
                0x0000000000000580       0x20 ../Final_bsp/\libhal_bsp.a(alt_tick.o)
 .debug_aranges
                0x00000000000005a0       0x20 ../Final_bsp/\libhal_bsp.a(altera_nios2_gen2_irq.o)
 .debug_aranges
                0x00000000000005c0       0x20 ../Final_bsp/\libhal_bsp.a(alt_find_file.o)
 .debug_aranges
                0x00000000000005e0       0x20 ../Final_bsp/\libhal_bsp.a(alt_get_fd.o)
 .debug_aranges
                0x0000000000000600       0x20 ../Final_bsp/\libhal_bsp.a(alt_icache_flush.o)
 .debug_aranges
                0x0000000000000620       0x20 c:/intelfpga_lite/16.1/nios2eds/bin/gnu/h-x86_64-mingw32/bin/../lib/gcc/nios2-elf/5.3.0/../../../../../H-x86_64-mingw32/nios2-elf/lib\libc.a(lib_a-atexit.o)
 .debug_aranges
                0x0000000000000640       0x20 c:/intelfpga_lite/16.1/nios2eds/bin/gnu/h-x86_64-mingw32/bin/../lib/gcc/nios2-elf/5.3.0/../../../../../H-x86_64-mingw32/nios2-elf/lib\libc.a(lib_a-exit.o)
 .debug_aranges
                0x0000000000000660       0x18 c:/intelfpga_lite/16.1/nios2eds/bin/gnu/h-x86_64-mingw32/bin/../lib/gcc/nios2-elf/5.3.0/../../../../../H-x86_64-mingw32/nios2-elf/lib\libc.a(lib_a-impure.o)
 .debug_aranges
                0x0000000000000678       0x18 c:/intelfpga_lite/16.1/nios2eds/bin/gnu/h-x86_64-mingw32/bin/../lib/gcc/nios2-elf/5.3.0/../../../../../H-x86_64-mingw32/nios2-elf/lib\libc.a(lib_a-int_errno.o)
 .debug_aranges
                0x0000000000000690       0x20 c:/intelfpga_lite/16.1/nios2eds/bin/gnu/h-x86_64-mingw32/bin/../lib/gcc/nios2-elf/5.3.0/../../../../../H-x86_64-mingw32/nios2-elf/lib\libc.a(lib_a-memcmp.o)
 .debug_aranges
                0x00000000000006b0       0x20 c:/intelfpga_lite/16.1/nios2eds/bin/gnu/h-x86_64-mingw32/bin/../lib/gcc/nios2-elf/5.3.0/../../../../../H-x86_64-mingw32/nios2-elf/lib\libc.a(lib_a-memcpy.o)
 .debug_aranges
                0x00000000000006d0       0x20 c:/intelfpga_lite/16.1/nios2eds/bin/gnu/h-x86_64-mingw32/bin/../lib/gcc/nios2-elf/5.3.0/../../../../../H-x86_64-mingw32/nios2-elf/lib\libc.a(lib_a-__atexit.o)
 .debug_aranges
                0x00000000000006f0       0x20 c:/intelfpga_lite/16.1/nios2eds/bin/gnu/h-x86_64-mingw32/bin/../lib/gcc/nios2-elf/5.3.0/../../../../../H-x86_64-mingw32/nios2-elf/lib\libc.a(lib_a-__call_atexit.o)
 .debug_aranges
                0x0000000000000710       0x20 c:/intelfpga_lite/16.1/nios2eds/bin/gnu/h-x86_64-mingw32/bin/../lib/gcc/nios2-elf/5.3.0\libgcc.a(lib2-divmod.o)
 .debug_aranges
                0x0000000000000730       0x20 ../Final_bsp/\libhal_bsp.a(alt_exit.o)

.debug_pubnames
 *(.debug_pubnames)

.debug_info     0x0000000000000000     0x951b
 *(.debug_info .gnu.linkonce.wi.*)
 .debug_info    0x0000000000000000       0x70 ../Final_bsp//obj/HAL/src/crt0.o
 .debug_info    0x0000000000000070      0x634 obj/default/hello_world.o
 .debug_info    0x00000000000006a4       0xc7 c:/intelfpga_lite/16.1/nios2eds/bin/gnu/h-x86_64-mingw32/bin/../lib/gcc/nios2-elf/5.3.0\libgcc.a(_fixunssfsi.o)
 .debug_info    0x000000000000076b      0x1d3 c:/intelfpga_lite/16.1/nios2eds/bin/gnu/h-x86_64-mingw32/bin/../lib/gcc/nios2-elf/5.3.0\libgcc.a(gesf2.o)
 .debug_info    0x000000000000093e      0x31d c:/intelfpga_lite/16.1/nios2eds/bin/gnu/h-x86_64-mingw32/bin/../lib/gcc/nios2-elf/5.3.0\libgcc.a(mulsf3.o)
 .debug_info    0x0000000000000c5b      0x2b7 c:/intelfpga_lite/16.1/nios2eds/bin/gnu/h-x86_64-mingw32/bin/../lib/gcc/nios2-elf/5.3.0\libgcc.a(subsf3.o)
 .debug_info    0x0000000000000f12      0x18b c:/intelfpga_lite/16.1/nios2eds/bin/gnu/h-x86_64-mingw32/bin/../lib/gcc/nios2-elf/5.3.0\libgcc.a(fixsfsi.o)
 .debug_info    0x000000000000109d      0x1c7 c:/intelfpga_lite/16.1/nios2eds/bin/gnu/h-x86_64-mingw32/bin/../lib/gcc/nios2-elf/5.3.0\libgcc.a(floatsisf.o)
 .debug_info    0x0000000000001264      0x124 c:/intelfpga_lite/16.1/nios2eds/bin/gnu/h-x86_64-mingw32/bin/../lib/gcc/nios2-elf/5.3.0\libgcc.a(_clzsi2.o)
 .debug_info    0x0000000000001388       0xb2 c:/intelfpga_lite/16.1/nios2eds/bin/gnu/h-x86_64-mingw32/bin/../lib/gcc/nios2-elf/5.3.0\libgcc.a(_clz.o)
 .debug_info    0x000000000000143a       0xe2 c:/intelfpga_lite/16.1/nios2eds/bin/gnu/h-x86_64-mingw32/bin/../lib/gcc/nios2-elf/5.3.0/../../../../../H-x86_64-mingw32/nios2-elf/lib\libc.a(lib_a-strlen.o)
 .debug_info    0x000000000000151c      0x350 ../Final_bsp/\libhal_bsp.a(alt_iic.o)
 .debug_info    0x000000000000186c      0x1ef ../Final_bsp/\libhal_bsp.a(alt_iic_isr_register.o)
 .debug_info    0x0000000000001a5b       0x79 ../Final_bsp/\libhal_bsp.a(alt_irq_entry.o)
 .debug_info    0x0000000000001ad4      0x187 ../Final_bsp/\libhal_bsp.a(alt_irq_handler.o)
 .debug_info    0x0000000000001c5b       0x88 ../Final_bsp/\libhal_bsp.a(alt_irq_vars.o)
 .debug_info    0x0000000000001ce3      0x145 ../Final_bsp/\libhal_bsp.a(alt_load.o)
 .debug_info    0x0000000000001e28      0x131 ../Final_bsp/\libhal_bsp.a(alt_main.o)
 .debug_info    0x0000000000001f59       0xb0 ../Final_bsp/\libhal_bsp.a(alt_usleep.o)
 .debug_info    0x0000000000002009      0x51a ../Final_bsp/\libhal_bsp.a(alt_sys_init.o)
 .debug_info    0x0000000000002523      0x52e ../Final_bsp/\libhal_bsp.a(altera_avalon_jtag_uart_fd.o)
 .debug_info    0x0000000000002a51      0x3a0 ../Final_bsp/\libhal_bsp.a(altera_avalon_jtag_uart_init.o)
 .debug_info    0x0000000000002df1      0x280 ../Final_bsp/\libhal_bsp.a(altera_avalon_jtag_uart_ioctl.o)
 .debug_info    0x0000000000003071      0x345 ../Final_bsp/\libhal_bsp.a(altera_avalon_jtag_uart_read.o)
 .debug_info    0x00000000000033b6      0x340 ../Final_bsp/\libhal_bsp.a(altera_avalon_jtag_uart_write.o)
 .debug_info    0x00000000000036f6      0x226 ../Final_bsp/\libhal_bsp.a(altera_avalon_timer_sc.o)
 .debug_info    0x000000000000391c      0x601 ../Final_bsp/\libhal_bsp.a(altera_up_avalon_character_lcd.o)
 .debug_info    0x0000000000003f1d      0x2cc ../Final_bsp/\libhal_bsp.a(alt_alarm_start.o)
 .debug_info    0x00000000000041e9       0xd7 ../Final_bsp/\libhal_bsp.a(alt_busy_sleep.o)
 .debug_info    0x00000000000042c0      0x321 ../Final_bsp/\libhal_bsp.a(alt_close.o)
 .debug_info    0x00000000000045e1       0xa5 ../Final_bsp/\libhal_bsp.a(alt_dcache_flush_all.o)
 .debug_info    0x0000000000004686      0x49c ../Final_bsp/\libhal_bsp.a(alt_dev.o)
 .debug_info    0x0000000000004b22      0x1a9 ../Final_bsp/\libhal_bsp.a(alt_dev_llist_insert.o)
 .debug_info    0x0000000000004ccb       0x83 ../Final_bsp/\libhal_bsp.a(alt_do_ctors.o)
 .debug_info    0x0000000000004d4e       0x83 ../Final_bsp/\libhal_bsp.a(alt_do_dtors.o)
 .debug_info    0x0000000000004dd1       0xa6 ../Final_bsp/\libhal_bsp.a(alt_errno.o)
 .debug_info    0x0000000000004e77       0x7f ../Final_bsp/\libhal_bsp.a(alt_exception_entry.o)
 .debug_info    0x0000000000004ef6      0x2e9 ../Final_bsp/\libhal_bsp.a(alt_find_dev.o)
 .debug_info    0x00000000000051df       0x92 ../Final_bsp/\libhal_bsp.a(alt_icache_flush_all.o)
 .debug_info    0x0000000000005271      0x1e7 ../Final_bsp/\libhal_bsp.a(alt_instruction_exception_entry.o)
 .debug_info    0x0000000000005458      0x4a5 ../Final_bsp/\libhal_bsp.a(alt_io_redirect.o)
 .debug_info    0x00000000000058fd      0x3bb ../Final_bsp/\libhal_bsp.a(alt_open.o)
 .debug_info    0x0000000000005cb8      0x2b0 ../Final_bsp/\libhal_bsp.a(alt_release_fd.o)
 .debug_info    0x0000000000005f68      0x299 ../Final_bsp/\libhal_bsp.a(alt_tick.o)
 .debug_info    0x0000000000006201       0x92 ../Final_bsp/\libhal_bsp.a(altera_nios2_gen2_irq.o)
 .debug_info    0x0000000000006293      0x2e6 ../Final_bsp/\libhal_bsp.a(alt_find_file.o)
 .debug_info    0x0000000000006579      0x310 ../Final_bsp/\libhal_bsp.a(alt_get_fd.o)
 .debug_info    0x0000000000006889       0xdc ../Final_bsp/\libhal_bsp.a(alt_icache_flush.o)
 .debug_info    0x0000000000006965       0xfe c:/intelfpga_lite/16.1/nios2eds/bin/gnu/h-x86_64-mingw32/bin/../lib/gcc/nios2-elf/5.3.0/../../../../../H-x86_64-mingw32/nios2-elf/lib\libc.a(lib_a-atexit.o)
 .debug_info    0x0000000000006a63      0x8e4 c:/intelfpga_lite/16.1/nios2eds/bin/gnu/h-x86_64-mingw32/bin/../lib/gcc/nios2-elf/5.3.0/../../../../../H-x86_64-mingw32/nios2-elf/lib\libc.a(lib_a-exit.o)
 .debug_info    0x0000000000007347      0x8a1 c:/intelfpga_lite/16.1/nios2eds/bin/gnu/h-x86_64-mingw32/bin/../lib/gcc/nios2-elf/5.3.0/../../../../../H-x86_64-mingw32/nios2-elf/lib\libc.a(lib_a-impure.o)
 .debug_info    0x0000000000007be8       0x8a c:/intelfpga_lite/16.1/nios2eds/bin/gnu/h-x86_64-mingw32/bin/../lib/gcc/nios2-elf/5.3.0/../../../../../H-x86_64-mingw32/nios2-elf/lib\libc.a(lib_a-int_errno.o)
 .debug_info    0x0000000000007c72      0x11a c:/intelfpga_lite/16.1/nios2eds/bin/gnu/h-x86_64-mingw32/bin/../lib/gcc/nios2-elf/5.3.0/../../../../../H-x86_64-mingw32/nios2-elf/lib\libc.a(lib_a-memcmp.o)
 .debug_info    0x0000000000007d8c      0x144 c:/intelfpga_lite/16.1/nios2eds/bin/gnu/h-x86_64-mingw32/bin/../lib/gcc/nios2-elf/5.3.0/../../../../../H-x86_64-mingw32/nios2-elf/lib\libc.a(lib_a-memcpy.o)
 .debug_info    0x0000000000007ed0      0x934 c:/intelfpga_lite/16.1/nios2eds/bin/gnu/h-x86_64-mingw32/bin/../lib/gcc/nios2-elf/5.3.0/../../../../../H-x86_64-mingw32/nios2-elf/lib\libc.a(lib_a-__atexit.o)
 .debug_info    0x0000000000008804      0x965 c:/intelfpga_lite/16.1/nios2eds/bin/gnu/h-x86_64-mingw32/bin/../lib/gcc/nios2-elf/5.3.0/../../../../../H-x86_64-mingw32/nios2-elf/lib\libc.a(lib_a-__call_atexit.o)
 .debug_info    0x0000000000009169      0x2c6 c:/intelfpga_lite/16.1/nios2eds/bin/gnu/h-x86_64-mingw32/bin/../lib/gcc/nios2-elf/5.3.0\libgcc.a(lib2-divmod.o)
 .debug_info    0x000000000000942f       0xec ../Final_bsp/\libhal_bsp.a(alt_exit.o)

.debug_abbrev   0x0000000000000000     0x36df
 *(.debug_abbrev)
 .debug_abbrev  0x0000000000000000       0x12 ../Final_bsp//obj/HAL/src/crt0.o
 .debug_abbrev  0x0000000000000012      0x1ca obj/default/hello_world.o
 .debug_abbrev  0x00000000000001dc       0x60 c:/intelfpga_lite/16.1/nios2eds/bin/gnu/h-x86_64-mingw32/bin/../lib/gcc/nios2-elf/5.3.0\libgcc.a(_fixunssfsi.o)
 .debug_abbrev  0x000000000000023c      0x128 c:/intelfpga_lite/16.1/nios2eds/bin/gnu/h-x86_64-mingw32/bin/../lib/gcc/nios2-elf/5.3.0\libgcc.a(gesf2.o)
 .debug_abbrev  0x0000000000000364      0x12d c:/intelfpga_lite/16.1/nios2eds/bin/gnu/h-x86_64-mingw32/bin/../lib/gcc/nios2-elf/5.3.0\libgcc.a(mulsf3.o)
 .debug_abbrev  0x0000000000000491      0x13a c:/intelfpga_lite/16.1/nios2eds/bin/gnu/h-x86_64-mingw32/bin/../lib/gcc/nios2-elf/5.3.0\libgcc.a(subsf3.o)
 .debug_abbrev  0x00000000000005cb      0x135 c:/intelfpga_lite/16.1/nios2eds/bin/gnu/h-x86_64-mingw32/bin/../lib/gcc/nios2-elf/5.3.0\libgcc.a(fixsfsi.o)
 .debug_abbrev  0x0000000000000700      0x147 c:/intelfpga_lite/16.1/nios2eds/bin/gnu/h-x86_64-mingw32/bin/../lib/gcc/nios2-elf/5.3.0\libgcc.a(floatsisf.o)
 .debug_abbrev  0x0000000000000847       0xbe c:/intelfpga_lite/16.1/nios2eds/bin/gnu/h-x86_64-mingw32/bin/../lib/gcc/nios2-elf/5.3.0\libgcc.a(_clzsi2.o)
 .debug_abbrev  0x0000000000000905       0x5d c:/intelfpga_lite/16.1/nios2eds/bin/gnu/h-x86_64-mingw32/bin/../lib/gcc/nios2-elf/5.3.0\libgcc.a(_clz.o)
 .debug_abbrev  0x0000000000000962       0x90 c:/intelfpga_lite/16.1/nios2eds/bin/gnu/h-x86_64-mingw32/bin/../lib/gcc/nios2-elf/5.3.0/../../../../../H-x86_64-mingw32/nios2-elf/lib\libc.a(lib_a-strlen.o)
 .debug_abbrev  0x00000000000009f2      0x163 ../Final_bsp/\libhal_bsp.a(alt_iic.o)
 .debug_abbrev  0x0000000000000b55      0x169 ../Final_bsp/\libhal_bsp.a(alt_iic_isr_register.o)
 .debug_abbrev  0x0000000000000cbe       0x12 ../Final_bsp/\libhal_bsp.a(alt_irq_entry.o)
 .debug_abbrev  0x0000000000000cd0      0x122 ../Final_bsp/\libhal_bsp.a(alt_irq_handler.o)
 .debug_abbrev  0x0000000000000df2       0x40 ../Final_bsp/\libhal_bsp.a(alt_irq_vars.o)
 .debug_abbrev  0x0000000000000e32       0x9f ../Final_bsp/\libhal_bsp.a(alt_load.o)
 .debug_abbrev  0x0000000000000ed1       0xba ../Final_bsp/\libhal_bsp.a(alt_main.o)
 .debug_abbrev  0x0000000000000f8b       0x60 ../Final_bsp/\libhal_bsp.a(alt_usleep.o)
 .debug_abbrev  0x0000000000000feb      0x196 ../Final_bsp/\libhal_bsp.a(alt_sys_init.o)
 .debug_abbrev  0x0000000000001181      0x127 ../Final_bsp/\libhal_bsp.a(altera_avalon_jtag_uart_fd.o)
 .debug_abbrev  0x00000000000012a8      0x19e ../Final_bsp/\libhal_bsp.a(altera_avalon_jtag_uart_init.o)
 .debug_abbrev  0x0000000000001446      0x111 ../Final_bsp/\libhal_bsp.a(altera_avalon_jtag_uart_ioctl.o)
 .debug_abbrev  0x0000000000001557      0x1aa ../Final_bsp/\libhal_bsp.a(altera_avalon_jtag_uart_read.o)
 .debug_abbrev  0x0000000000001701      0x1a8 ../Final_bsp/\libhal_bsp.a(altera_avalon_jtag_uart_write.o)
 .debug_abbrev  0x00000000000018a9      0x155 ../Final_bsp/\libhal_bsp.a(altera_avalon_timer_sc.o)
 .debug_abbrev  0x00000000000019fe      0x156 ../Final_bsp/\libhal_bsp.a(altera_up_avalon_character_lcd.o)
 .debug_abbrev  0x0000000000001b54      0x162 ../Final_bsp/\libhal_bsp.a(alt_alarm_start.o)
 .debug_abbrev  0x0000000000001cb6       0x7e ../Final_bsp/\libhal_bsp.a(alt_busy_sleep.o)
 .debug_abbrev  0x0000000000001d34      0x11f ../Final_bsp/\libhal_bsp.a(alt_close.o)
 .debug_abbrev  0x0000000000001e53       0x5a ../Final_bsp/\libhal_bsp.a(alt_dcache_flush_all.o)
 .debug_abbrev  0x0000000000001ead       0xd9 ../Final_bsp/\libhal_bsp.a(alt_dev.o)
 .debug_abbrev  0x0000000000001f86      0x114 ../Final_bsp/\libhal_bsp.a(alt_dev_llist_insert.o)
 .debug_abbrev  0x000000000000209a       0x79 ../Final_bsp/\libhal_bsp.a(alt_do_ctors.o)
 .debug_abbrev  0x0000000000002113       0x79 ../Final_bsp/\libhal_bsp.a(alt_do_dtors.o)
 .debug_abbrev  0x000000000000218c       0x5a ../Final_bsp/\libhal_bsp.a(alt_errno.o)
 .debug_abbrev  0x00000000000021e6       0x12 ../Final_bsp/\libhal_bsp.a(alt_exception_entry.o)
 .debug_abbrev  0x00000000000021f8       0xf0 ../Final_bsp/\libhal_bsp.a(alt_find_dev.o)
 .debug_abbrev  0x00000000000022e8       0x42 ../Final_bsp/\libhal_bsp.a(alt_icache_flush_all.o)
 .debug_abbrev  0x000000000000232a       0xdc ../Final_bsp/\libhal_bsp.a(alt_instruction_exception_entry.o)
 .debug_abbrev  0x0000000000002406      0x114 ../Final_bsp/\libhal_bsp.a(alt_io_redirect.o)
 .debug_abbrev  0x000000000000251a      0x148 ../Final_bsp/\libhal_bsp.a(alt_open.o)
 .debug_abbrev  0x0000000000002662       0xde ../Final_bsp/\libhal_bsp.a(alt_release_fd.o)
 .debug_abbrev  0x0000000000002740      0x15a ../Final_bsp/\libhal_bsp.a(alt_tick.o)
 .debug_abbrev  0x000000000000289a       0x42 ../Final_bsp/\libhal_bsp.a(altera_nios2_gen2_irq.o)
 .debug_abbrev  0x00000000000028dc       0xf0 ../Final_bsp/\libhal_bsp.a(alt_find_file.o)
 .debug_abbrev  0x00000000000029cc      0x10d ../Final_bsp/\libhal_bsp.a(alt_get_fd.o)
 .debug_abbrev  0x0000000000002ad9       0x8c ../Final_bsp/\libhal_bsp.a(alt_icache_flush.o)
 .debug_abbrev  0x0000000000002b65       0xaa c:/intelfpga_lite/16.1/nios2eds/bin/gnu/h-x86_64-mingw32/bin/../lib/gcc/nios2-elf/5.3.0/../../../../../H-x86_64-mingw32/nios2-elf/lib\libc.a(lib_a-atexit.o)
 .debug_abbrev  0x0000000000002c0f      0x1e5 c:/intelfpga_lite/16.1/nios2eds/bin/gnu/h-x86_64-mingw32/bin/../lib/gcc/nios2-elf/5.3.0/../../../../../H-x86_64-mingw32/nios2-elf/lib\libc.a(lib_a-exit.o)
 .debug_abbrev  0x0000000000002df4      0x18f c:/intelfpga_lite/16.1/nios2eds/bin/gnu/h-x86_64-mingw32/bin/../lib/gcc/nios2-elf/5.3.0/../../../../../H-x86_64-mingw32/nios2-elf/lib\libc.a(lib_a-impure.o)
 .debug_abbrev  0x0000000000002f83       0x37 c:/intelfpga_lite/16.1/nios2eds/bin/gnu/h-x86_64-mingw32/bin/../lib/gcc/nios2-elf/5.3.0/../../../../../H-x86_64-mingw32/nios2-elf/lib\libc.a(lib_a-int_errno.o)
 .debug_abbrev  0x0000000000002fba       0x7f c:/intelfpga_lite/16.1/nios2eds/bin/gnu/h-x86_64-mingw32/bin/../lib/gcc/nios2-elf/5.3.0/../../../../../H-x86_64-mingw32/nios2-elf/lib\libc.a(lib_a-memcmp.o)
 .debug_abbrev  0x0000000000003039       0xa3 c:/intelfpga_lite/16.1/nios2eds/bin/gnu/h-x86_64-mingw32/bin/../lib/gcc/nios2-elf/5.3.0/../../../../../H-x86_64-mingw32/nios2-elf/lib\libc.a(lib_a-memcpy.o)
 .debug_abbrev  0x00000000000030dc      0x21e c:/intelfpga_lite/16.1/nios2eds/bin/gnu/h-x86_64-mingw32/bin/../lib/gcc/nios2-elf/5.3.0/../../../../../H-x86_64-mingw32/nios2-elf/lib\libc.a(lib_a-__atexit.o)
 .debug_abbrev  0x00000000000032fa      0x22e c:/intelfpga_lite/16.1/nios2eds/bin/gnu/h-x86_64-mingw32/bin/../lib/gcc/nios2-elf/5.3.0/../../../../../H-x86_64-mingw32/nios2-elf/lib\libc.a(lib_a-__call_atexit.o)
 .debug_abbrev  0x0000000000003528      0x10e c:/intelfpga_lite/16.1/nios2eds/bin/gnu/h-x86_64-mingw32/bin/../lib/gcc/nios2-elf/5.3.0\libgcc.a(lib2-divmod.o)
 .debug_abbrev  0x0000000000003636       0xa9 ../Final_bsp/\libhal_bsp.a(alt_exit.o)

.debug_line     0x0000000000000000     0x37ce
 *(.debug_line)
 .debug_line    0x0000000000000000       0x72 ../Final_bsp//obj/HAL/src/crt0.o
 .debug_line    0x0000000000000072      0x20a obj/default/hello_world.o
 .debug_line    0x000000000000027c       0x6b c:/intelfpga_lite/16.1/nios2eds/bin/gnu/h-x86_64-mingw32/bin/../lib/gcc/nios2-elf/5.3.0\libgcc.a(_fixunssfsi.o)
 .debug_line    0x00000000000002e7       0xbc c:/intelfpga_lite/16.1/nios2eds/bin/gnu/h-x86_64-mingw32/bin/../lib/gcc/nios2-elf/5.3.0\libgcc.a(gesf2.o)
 .debug_line    0x00000000000003a3      0x159 c:/intelfpga_lite/16.1/nios2eds/bin/gnu/h-x86_64-mingw32/bin/../lib/gcc/nios2-elf/5.3.0\libgcc.a(mulsf3.o)
 .debug_line    0x00000000000004fc      0x295 c:/intelfpga_lite/16.1/nios2eds/bin/gnu/h-x86_64-mingw32/bin/../lib/gcc/nios2-elf/5.3.0\libgcc.a(subsf3.o)
 .debug_line    0x0000000000000791       0x97 c:/intelfpga_lite/16.1/nios2eds/bin/gnu/h-x86_64-mingw32/bin/../lib/gcc/nios2-elf/5.3.0\libgcc.a(fixsfsi.o)
 .debug_line    0x0000000000000828       0xb0 c:/intelfpga_lite/16.1/nios2eds/bin/gnu/h-x86_64-mingw32/bin/../lib/gcc/nios2-elf/5.3.0\libgcc.a(floatsisf.o)
 .debug_line    0x00000000000008d8       0xb7 c:/intelfpga_lite/16.1/nios2eds/bin/gnu/h-x86_64-mingw32/bin/../lib/gcc/nios2-elf/5.3.0\libgcc.a(_clzsi2.o)
 .debug_line    0x000000000000098f       0x53 c:/intelfpga_lite/16.1/nios2eds/bin/gnu/h-x86_64-mingw32/bin/../lib/gcc/nios2-elf/5.3.0\libgcc.a(_clz.o)
 .debug_line    0x00000000000009e2      0x16c c:/intelfpga_lite/16.1/nios2eds/bin/gnu/h-x86_64-mingw32/bin/../lib/gcc/nios2-elf/5.3.0/../../../../../H-x86_64-mingw32/nios2-elf/lib\libc.a(lib_a-strlen.o)
 .debug_line    0x0000000000000b4e       0xeb ../Final_bsp/\libhal_bsp.a(alt_iic.o)
 .debug_line    0x0000000000000c39       0xdb ../Final_bsp/\libhal_bsp.a(alt_iic_isr_register.o)
 .debug_line    0x0000000000000d14       0x6b ../Final_bsp/\libhal_bsp.a(alt_irq_entry.o)
 .debug_line    0x0000000000000d7f       0xaa ../Final_bsp/\libhal_bsp.a(alt_irq_handler.o)
 .debug_line    0x0000000000000e29       0x50 ../Final_bsp/\libhal_bsp.a(alt_irq_vars.o)
 .debug_line    0x0000000000000e79       0x8e ../Final_bsp/\libhal_bsp.a(alt_load.o)
 .debug_line    0x0000000000000f07       0xa4 ../Final_bsp/\libhal_bsp.a(alt_main.o)
 .debug_line    0x0000000000000fab       0xad ../Final_bsp/\libhal_bsp.a(alt_usleep.o)
 .debug_line    0x0000000000001058      0x178 ../Final_bsp/\libhal_bsp.a(alt_sys_init.o)
 .debug_line    0x00000000000011d0      0x12f ../Final_bsp/\libhal_bsp.a(altera_avalon_jtag_uart_fd.o)
 .debug_line    0x00000000000012ff      0x18b ../Final_bsp/\libhal_bsp.a(altera_avalon_jtag_uart_init.o)
 .debug_line    0x000000000000148a      0x131 ../Final_bsp/\libhal_bsp.a(altera_avalon_jtag_uart_ioctl.o)
 .debug_line    0x00000000000015bb      0x171 ../Final_bsp/\libhal_bsp.a(altera_avalon_jtag_uart_read.o)
 .debug_line    0x000000000000172c      0x170 ../Final_bsp/\libhal_bsp.a(altera_avalon_jtag_uart_write.o)
 .debug_line    0x000000000000189c       0xfd ../Final_bsp/\libhal_bsp.a(altera_avalon_timer_sc.o)
 .debug_line    0x0000000000001999      0x1c3 ../Final_bsp/\libhal_bsp.a(altera_up_avalon_character_lcd.o)
 .debug_line    0x0000000000001b5c       0xf9 ../Final_bsp/\libhal_bsp.a(alt_alarm_start.o)
 .debug_line    0x0000000000001c55       0xa0 ../Final_bsp/\libhal_bsp.a(alt_busy_sleep.o)
 .debug_line    0x0000000000001cf5      0x165 ../Final_bsp/\libhal_bsp.a(alt_close.o)
 .debug_line    0x0000000000001e5a       0x61 ../Final_bsp/\libhal_bsp.a(alt_dcache_flush_all.o)
 .debug_line    0x0000000000001ebb       0xf8 ../Final_bsp/\libhal_bsp.a(alt_dev.o)
 .debug_line    0x0000000000001fb3       0xcf ../Final_bsp/\libhal_bsp.a(alt_dev_llist_insert.o)
 .debug_line    0x0000000000002082       0x59 ../Final_bsp/\libhal_bsp.a(alt_do_ctors.o)
 .debug_line    0x00000000000020db       0x59 ../Final_bsp/\libhal_bsp.a(alt_do_dtors.o)
 .debug_line    0x0000000000002134       0x51 ../Final_bsp/\libhal_bsp.a(alt_errno.o)
 .debug_line    0x0000000000002185       0xb3 ../Final_bsp/\libhal_bsp.a(alt_exception_entry.o)
 .debug_line    0x0000000000002238       0xb5 ../Final_bsp/\libhal_bsp.a(alt_find_dev.o)
 .debug_line    0x00000000000022ed       0x50 ../Final_bsp/\libhal_bsp.a(alt_icache_flush_all.o)
 .debug_line    0x000000000000233d       0xba ../Final_bsp/\libhal_bsp.a(alt_instruction_exception_entry.o)
 .debug_line    0x00000000000023f7      0x133 ../Final_bsp/\libhal_bsp.a(alt_io_redirect.o)
 .debug_line    0x000000000000252a      0x128 ../Final_bsp/\libhal_bsp.a(alt_open.o)
 .debug_line    0x0000000000002652       0xae ../Final_bsp/\libhal_bsp.a(alt_release_fd.o)
 .debug_line    0x0000000000002700       0xff ../Final_bsp/\libhal_bsp.a(alt_tick.o)
 .debug_line    0x00000000000027ff       0x51 ../Final_bsp/\libhal_bsp.a(altera_nios2_gen2_irq.o)
 .debug_line    0x0000000000002850       0xd1 ../Final_bsp/\libhal_bsp.a(alt_find_file.o)
 .debug_line    0x0000000000002921       0xd4 ../Final_bsp/\libhal_bsp.a(alt_get_fd.o)
 .debug_line    0x00000000000029f5       0x81 ../Final_bsp/\libhal_bsp.a(alt_icache_flush.o)
 .debug_line    0x0000000000002a76       0xe4 c:/intelfpga_lite/16.1/nios2eds/bin/gnu/h-x86_64-mingw32/bin/../lib/gcc/nios2-elf/5.3.0/../../../../../H-x86_64-mingw32/nios2-elf/lib\libc.a(lib_a-atexit.o)
 .debug_line    0x0000000000002b5a      0x1f9 c:/intelfpga_lite/16.1/nios2eds/bin/gnu/h-x86_64-mingw32/bin/../lib/gcc/nios2-elf/5.3.0/../../../../../H-x86_64-mingw32/nios2-elf/lib\libc.a(lib_a-exit.o)
 .debug_line    0x0000000000002d53      0x15d c:/intelfpga_lite/16.1/nios2eds/bin/gnu/h-x86_64-mingw32/bin/../lib/gcc/nios2-elf/5.3.0/../../../../../H-x86_64-mingw32/nios2-elf/lib\libc.a(lib_a-impure.o)
 .debug_line    0x0000000000002eb0       0x5c c:/intelfpga_lite/16.1/nios2eds/bin/gnu/h-x86_64-mingw32/bin/../lib/gcc/nios2-elf/5.3.0/../../../../../H-x86_64-mingw32/nios2-elf/lib\libc.a(lib_a-int_errno.o)
 .debug_line    0x0000000000002f0c      0x173 c:/intelfpga_lite/16.1/nios2eds/bin/gnu/h-x86_64-mingw32/bin/../lib/gcc/nios2-elf/5.3.0/../../../../../H-x86_64-mingw32/nios2-elf/lib\libc.a(lib_a-memcmp.o)
 .debug_line    0x000000000000307f      0x189 c:/intelfpga_lite/16.1/nios2eds/bin/gnu/h-x86_64-mingw32/bin/../lib/gcc/nios2-elf/5.3.0/../../../../../H-x86_64-mingw32/nios2-elf/lib\libc.a(lib_a-memcpy.o)
 .debug_line    0x0000000000003208      0x21c c:/intelfpga_lite/16.1/nios2eds/bin/gnu/h-x86_64-mingw32/bin/../lib/gcc/nios2-elf/5.3.0/../../../../../H-x86_64-mingw32/nios2-elf/lib\libc.a(lib_a-__atexit.o)
 .debug_line    0x0000000000003424      0x237 c:/intelfpga_lite/16.1/nios2eds/bin/gnu/h-x86_64-mingw32/bin/../lib/gcc/nios2-elf/5.3.0/../../../../../H-x86_64-mingw32/nios2-elf/lib\libc.a(lib_a-__call_atexit.o)
 .debug_line    0x000000000000365b      0x102 c:/intelfpga_lite/16.1/nios2eds/bin/gnu/h-x86_64-mingw32/bin/../lib/gcc/nios2-elf/5.3.0\libgcc.a(lib2-divmod.o)
 .debug_line    0x000000000000375d       0x71 ../Final_bsp/\libhal_bsp.a(alt_exit.o)

.debug_frame    0x0000000000000000     0x1100
 *(.debug_frame)
 .debug_frame   0x0000000000000000      0x200 obj/default/hello_world.o
 .debug_frame   0x0000000000000200       0x38 c:/intelfpga_lite/16.1/nios2eds/bin/gnu/h-x86_64-mingw32/bin/../lib/gcc/nios2-elf/5.3.0\libgcc.a(_fixunssfsi.o)
 .debug_frame   0x0000000000000238       0x20 c:/intelfpga_lite/16.1/nios2eds/bin/gnu/h-x86_64-mingw32/bin/../lib/gcc/nios2-elf/5.3.0\libgcc.a(gesf2.o)
 .debug_frame   0x0000000000000258       0x58 c:/intelfpga_lite/16.1/nios2eds/bin/gnu/h-x86_64-mingw32/bin/../lib/gcc/nios2-elf/5.3.0\libgcc.a(mulsf3.o)
 .debug_frame   0x00000000000002b0       0x40 c:/intelfpga_lite/16.1/nios2eds/bin/gnu/h-x86_64-mingw32/bin/../lib/gcc/nios2-elf/5.3.0\libgcc.a(subsf3.o)
 .debug_frame   0x00000000000002f0       0x20 c:/intelfpga_lite/16.1/nios2eds/bin/gnu/h-x86_64-mingw32/bin/../lib/gcc/nios2-elf/5.3.0\libgcc.a(fixsfsi.o)
 .debug_frame   0x0000000000000310       0x38 c:/intelfpga_lite/16.1/nios2eds/bin/gnu/h-x86_64-mingw32/bin/../lib/gcc/nios2-elf/5.3.0\libgcc.a(floatsisf.o)
 .debug_frame   0x0000000000000348       0x20 c:/intelfpga_lite/16.1/nios2eds/bin/gnu/h-x86_64-mingw32/bin/../lib/gcc/nios2-elf/5.3.0\libgcc.a(_clzsi2.o)
 .debug_frame   0x0000000000000368       0x20 c:/intelfpga_lite/16.1/nios2eds/bin/gnu/h-x86_64-mingw32/bin/../lib/gcc/nios2-elf/5.3.0/../../../../../H-x86_64-mingw32/nios2-elf/lib\libc.a(lib_a-strlen.o)
 .debug_frame   0x0000000000000388       0xa4 ../Final_bsp/\libhal_bsp.a(alt_iic.o)
 .debug_frame   0x000000000000042c       0x38 ../Final_bsp/\libhal_bsp.a(alt_iic_isr_register.o)
 .debug_frame   0x0000000000000464       0x38 ../Final_bsp/\libhal_bsp.a(alt_irq_handler.o)
 .debug_frame   0x000000000000049c       0x5c ../Final_bsp/\libhal_bsp.a(alt_load.o)
 .debug_frame   0x00000000000004f8       0x2c ../Final_bsp/\libhal_bsp.a(alt_main.o)
 .debug_frame   0x0000000000000524       0x38 ../Final_bsp/\libhal_bsp.a(alt_usleep.o)
 .debug_frame   0x000000000000055c       0x88 ../Final_bsp/\libhal_bsp.a(alt_sys_init.o)
 .debug_frame   0x00000000000005e4       0xb0 ../Final_bsp/\libhal_bsp.a(altera_avalon_jtag_uart_fd.o)
 .debug_frame   0x0000000000000694       0xa4 ../Final_bsp/\libhal_bsp.a(altera_avalon_jtag_uart_init.o)
 .debug_frame   0x0000000000000738       0x34 ../Final_bsp/\libhal_bsp.a(altera_avalon_jtag_uart_ioctl.o)
 .debug_frame   0x000000000000076c       0x38 ../Final_bsp/\libhal_bsp.a(altera_avalon_jtag_uart_read.o)
 .debug_frame   0x00000000000007a4       0x38 ../Final_bsp/\libhal_bsp.a(altera_avalon_jtag_uart_write.o)
 .debug_frame   0x00000000000007dc       0x60 ../Final_bsp/\libhal_bsp.a(altera_avalon_timer_sc.o)
 .debug_frame   0x000000000000083c      0x204 ../Final_bsp/\libhal_bsp.a(altera_up_avalon_character_lcd.o)
 .debug_frame   0x0000000000000a40       0x34 ../Final_bsp/\libhal_bsp.a(alt_alarm_start.o)
 .debug_frame   0x0000000000000a74       0x38 ../Final_bsp/\libhal_bsp.a(alt_busy_sleep.o)
 .debug_frame   0x0000000000000aac       0x60 ../Final_bsp/\libhal_bsp.a(alt_close.o)
 .debug_frame   0x0000000000000b0c       0x34 ../Final_bsp/\libhal_bsp.a(alt_dcache_flush_all.o)
 .debug_frame   0x0000000000000b40       0x34 ../Final_bsp/\libhal_bsp.a(alt_dev.o)
 .debug_frame   0x0000000000000b74       0x60 ../Final_bsp/\libhal_bsp.a(alt_dev_llist_insert.o)
 .debug_frame   0x0000000000000bd4       0x38 ../Final_bsp/\libhal_bsp.a(alt_do_ctors.o)
 .debug_frame   0x0000000000000c0c       0x38 ../Final_bsp/\libhal_bsp.a(alt_do_dtors.o)
 .debug_frame   0x0000000000000c44       0x38 ../Final_bsp/\libhal_bsp.a(alt_find_dev.o)
 .debug_frame   0x0000000000000c7c       0x38 ../Final_bsp/\libhal_bsp.a(alt_icache_flush_all.o)
 .debug_frame   0x0000000000000cb4       0x5c ../Final_bsp/\libhal_bsp.a(alt_instruction_exception_entry.o)
 .debug_frame   0x0000000000000d10       0x60 ../Final_bsp/\libhal_bsp.a(alt_io_redirect.o)
 .debug_frame   0x0000000000000d70       0x84 ../Final_bsp/\libhal_bsp.a(alt_open.o)
 .debug_frame   0x0000000000000df4       0x34 ../Final_bsp/\libhal_bsp.a(alt_release_fd.o)
 .debug_frame   0x0000000000000e28       0x5c ../Final_bsp/\libhal_bsp.a(alt_tick.o)
 .debug_frame   0x0000000000000e84       0x34 ../Final_bsp/\libhal_bsp.a(altera_nios2_gen2_irq.o)
 .debug_frame   0x0000000000000eb8       0x38 ../Final_bsp/\libhal_bsp.a(alt_find_file.o)
 .debug_frame   0x0000000000000ef0       0x34 ../Final_bsp/\libhal_bsp.a(alt_get_fd.o)
 .debug_frame   0x0000000000000f24       0x34 ../Final_bsp/\libhal_bsp.a(alt_icache_flush.o)
 .debug_frame   0x0000000000000f58       0x20 c:/intelfpga_lite/16.1/nios2eds/bin/gnu/h-x86_64-mingw32/bin/../lib/gcc/nios2-elf/5.3.0/../../../../../H-x86_64-mingw32/nios2-elf/lib\libc.a(lib_a-atexit.o)
 .debug_frame   0x0000000000000f78       0x28 c:/intelfpga_lite/16.1/nios2eds/bin/gnu/h-x86_64-mingw32/bin/../lib/gcc/nios2-elf/5.3.0/../../../../../H-x86_64-mingw32/nios2-elf/lib\libc.a(lib_a-exit.o)
 .debug_frame   0x0000000000000fa0       0x20 c:/intelfpga_lite/16.1/nios2eds/bin/gnu/h-x86_64-mingw32/bin/../lib/gcc/nios2-elf/5.3.0/../../../../../H-x86_64-mingw32/nios2-elf/lib\libc.a(lib_a-memcmp.o)
 .debug_frame   0x0000000000000fc0       0x38 c:/intelfpga_lite/16.1/nios2eds/bin/gnu/h-x86_64-mingw32/bin/../lib/gcc/nios2-elf/5.3.0/../../../../../H-x86_64-mingw32/nios2-elf/lib\libc.a(lib_a-memcpy.o)
 .debug_frame   0x0000000000000ff8       0x38 c:/intelfpga_lite/16.1/nios2eds/bin/gnu/h-x86_64-mingw32/bin/../lib/gcc/nios2-elf/5.3.0/../../../../../H-x86_64-mingw32/nios2-elf/lib\libc.a(lib_a-__atexit.o)
 .debug_frame   0x0000000000001030       0x54 c:/intelfpga_lite/16.1/nios2eds/bin/gnu/h-x86_64-mingw32/bin/../lib/gcc/nios2-elf/5.3.0/../../../../../H-x86_64-mingw32/nios2-elf/lib\libc.a(lib_a-__call_atexit.o)
 .debug_frame   0x0000000000001084       0x50 c:/intelfpga_lite/16.1/nios2eds/bin/gnu/h-x86_64-mingw32/bin/../lib/gcc/nios2-elf/5.3.0\libgcc.a(lib2-divmod.o)
 .debug_frame   0x00000000000010d4       0x2c ../Final_bsp/\libhal_bsp.a(alt_exit.o)

.debug_str      0x0000000000000000     0x2406
 *(.debug_str)
 .debug_str     0x0000000000000000      0x364 obj/default/hello_world.o
                                        0x3cb (size before relaxing)
 .debug_str     0x0000000000000364      0x148 c:/intelfpga_lite/16.1/nios2eds/bin/gnu/h-x86_64-mingw32/bin/../lib/gcc/nios2-elf/5.3.0\libgcc.a(_fixunssfsi.o)
                                        0x1d1 (size before relaxing)
 .debug_str     0x00000000000004ac       0x88 c:/intelfpga_lite/16.1/nios2eds/bin/gnu/h-x86_64-mingw32/bin/../lib/gcc/nios2-elf/5.3.0\libgcc.a(gesf2.o)
                                        0x1fd (size before relaxing)
 .debug_str     0x0000000000000534       0xe1 c:/intelfpga_lite/16.1/nios2eds/bin/gnu/h-x86_64-mingw32/bin/../lib/gcc/nios2-elf/5.3.0\libgcc.a(mulsf3.o)
                                        0x286 (size before relaxing)
 .debug_str     0x0000000000000615       0xb1 c:/intelfpga_lite/16.1/nios2eds/bin/gnu/h-x86_64-mingw32/bin/../lib/gcc/nios2-elf/5.3.0\libgcc.a(subsf3.o)
                                        0x269 (size before relaxing)
 .debug_str     0x00000000000006c6       0x4b c:/intelfpga_lite/16.1/nios2eds/bin/gnu/h-x86_64-mingw32/bin/../lib/gcc/nios2-elf/5.3.0\libgcc.a(fixsfsi.o)
                                        0x1ff (size before relaxing)
 .debug_str     0x0000000000000711       0x69 c:/intelfpga_lite/16.1/nios2eds/bin/gnu/h-x86_64-mingw32/bin/../lib/gcc/nios2-elf/5.3.0\libgcc.a(floatsisf.o)
                                        0x234 (size before relaxing)
 .debug_str     0x000000000000077a       0x20 c:/intelfpga_lite/16.1/nios2eds/bin/gnu/h-x86_64-mingw32/bin/../lib/gcc/nios2-elf/5.3.0\libgcc.a(_clzsi2.o)
                                        0x1e6 (size before relaxing)
 .debug_str     0x000000000000079a      0x1c9 c:/intelfpga_lite/16.1/nios2eds/bin/gnu/h-x86_64-mingw32/bin/../lib/gcc/nios2-elf/5.3.0\libgcc.a(_clz.o)
 .debug_str     0x000000000000079a      0x139 c:/intelfpga_lite/16.1/nios2eds/bin/gnu/h-x86_64-mingw32/bin/../lib/gcc/nios2-elf/5.3.0/../../../../../H-x86_64-mingw32/nios2-elf/lib\libc.a(lib_a-strlen.o)
                                        0x1dd (size before relaxing)
 .debug_str     0x00000000000008d3      0x137 ../Final_bsp/\libhal_bsp.a(alt_iic.o)
                                        0x23d (size before relaxing)
 .debug_str     0x0000000000000a0a       0x4c ../Final_bsp/\libhal_bsp.a(alt_iic_isr_register.o)
                                        0x1e7 (size before relaxing)
 .debug_str     0x0000000000000a56       0x3a ../Final_bsp/\libhal_bsp.a(alt_irq_handler.o)
                                        0x196 (size before relaxing)
 .debug_str     0x0000000000000a90       0x17 ../Final_bsp/\libhal_bsp.a(alt_irq_vars.o)
                                        0x139 (size before relaxing)
 .debug_str     0x0000000000000aa7       0xe9 ../Final_bsp/\libhal_bsp.a(alt_load.o)
                                        0x211 (size before relaxing)
 .debug_str     0x0000000000000b90       0x70 ../Final_bsp/\libhal_bsp.a(alt_main.o)
                                        0x19c (size before relaxing)
 .debug_str     0x0000000000000c00       0x27 ../Final_bsp/\libhal_bsp.a(alt_usleep.o)
                                        0x147 (size before relaxing)
 .debug_str     0x0000000000000c27      0x1ec ../Final_bsp/\libhal_bsp.a(alt_sys_init.o)
                                        0x3a8 (size before relaxing)
 .debug_str     0x0000000000000e13       0xb9 ../Final_bsp/\libhal_bsp.a(altera_avalon_jtag_uart_fd.o)
                                        0x3a3 (size before relaxing)
 .debug_str     0x0000000000000ecc       0xd1 ../Final_bsp/\libhal_bsp.a(altera_avalon_jtag_uart_init.o)
                                        0x337 (size before relaxing)
 .debug_str     0x0000000000000f9d       0x4a ../Final_bsp/\libhal_bsp.a(altera_avalon_jtag_uart_ioctl.o)
                                        0x292 (size before relaxing)
 .debug_str     0x0000000000000fe7       0x48 ../Final_bsp/\libhal_bsp.a(altera_avalon_jtag_uart_read.o)
                                        0x2e7 (size before relaxing)
 .debug_str     0x000000000000102f       0x4a ../Final_bsp/\libhal_bsp.a(altera_avalon_jtag_uart_write.o)
                                        0x2e8 (size before relaxing)
 .debug_str     0x0000000000001079       0x6d ../Final_bsp/\libhal_bsp.a(altera_avalon_timer_sc.o)
                                        0x24a (size before relaxing)
 .debug_str     0x00000000000010e6      0x1ea ../Final_bsp/\libhal_bsp.a(altera_up_avalon_character_lcd.o)
                                        0x3f0 (size before relaxing)
 .debug_str     0x00000000000012d0       0x59 ../Final_bsp/\libhal_bsp.a(alt_alarm_start.o)
                                        0x27d (size before relaxing)
 .debug_str     0x0000000000001329       0x42 ../Final_bsp/\libhal_bsp.a(alt_busy_sleep.o)
                                        0x16a (size before relaxing)
 .debug_str     0x000000000000136b       0x44 ../Final_bsp/\libhal_bsp.a(alt_close.o)
                                        0x20a (size before relaxing)
 .debug_str     0x00000000000013af       0x34 ../Final_bsp/\libhal_bsp.a(alt_dcache_flush_all.o)
                                        0x154 (size before relaxing)
 .debug_str     0x00000000000013e3      0x119 ../Final_bsp/\libhal_bsp.a(alt_dev.o)
                                        0x304 (size before relaxing)
 .debug_str     0x00000000000014fc       0x34 ../Final_bsp/\libhal_bsp.a(alt_dev_llist_insert.o)
                                        0x1cb (size before relaxing)
 .debug_str     0x0000000000001530       0x48 ../Final_bsp/\libhal_bsp.a(alt_do_ctors.o)
                                         0xcf (size before relaxing)
 .debug_str     0x0000000000001578       0x4c ../Final_bsp/\libhal_bsp.a(alt_do_dtors.o)
                                         0xce (size before relaxing)
 .debug_str     0x00000000000015c4       0x14 ../Final_bsp/\libhal_bsp.a(alt_errno.o)
                                        0x144 (size before relaxing)
 .debug_str     0x00000000000015d8       0x24 ../Final_bsp/\libhal_bsp.a(alt_find_dev.o)
                                        0x1eb (size before relaxing)
 .debug_str     0x00000000000015fc       0x34 ../Final_bsp/\libhal_bsp.a(alt_icache_flush_all.o)
                                        0x154 (size before relaxing)
 .debug_str     0x0000000000001630      0x48b ../Final_bsp/\libhal_bsp.a(alt_instruction_exception_entry.o)
                                        0x59f (size before relaxing)
 .debug_str     0x0000000000001abb       0x56 ../Final_bsp/\libhal_bsp.a(alt_io_redirect.o)